client/src/components/chat/ChatActionsMenu.tsx(42,38): error TS2339: Property 'status' does not exist on type 'void | { conversationId: number; status: "active" | "blocked" | "archived"; }'.
  Property 'status' does not exist on type 'void'.
client/src/components/chat/ChatLeadDetails.tsx(173,33): error TS2322: Type '{ tagId: number; name: string; color: string; }[]' is not assignable to type 'Tag[]'.
  Property 'id' is missing in type '{ tagId: number; name: string; color: string; }' but required in type 'Tag'.
client/src/components/chat/MentionInput.tsx(105,35): error TS2345: Argument of type '{ id?: number; name?: string; role?: "owner" | "admin" | "supervisor" | "agent" | "viewer"; email?: string; createdAt?: string; openId?: string; customRole?: string; isActive?: boolean; lastSignedIn?: string; }' is not assignable to parameter of type 'MentionUser'.
  Property 'id' is optional in type '{ id?: number; name?: string; role?: "owner" | "admin" | "supervisor" | "agent" | "viewer"; email?: string; createdAt?: string; openId?: string; customRole?: string; isActive?: boolean; lastSignedIn?: string; }' but required in type 'MentionUser'.
client/src/components/chat/MentionInput.tsx(176,28): error TS2503: Cannot find namespace 'JSX'.
client/src/components/CommandPalette.tsx(44,11): error TS2769: No overload matches this call.
  Overload 1 of 2, '(input: void | { whatsappNumberId?: number; search?: string; unreadOnly?: boolean; assignedToMe?: boolean; sort?: "recent" | "oldest" | "unread"; } | typeof skipToken, opts: DefinedUseTRPCQueryOptions<{ id?: number; ... 19 more ...; lastMessageMediaName?: any; }[], { ...; }[], TRPCClientErrorLike<...>, { ...; }[]>): DefinedUseTRPCQueryResult<...>', gave the following error.
    Object literal may only specify known properties, and 'limit' does not exist in type '{ whatsappNumberId?: number; search?: string; unreadOnly?: boolean; assignedToMe?: boolean; sort?: "recent" | "oldest" | "unread"; }'.
  Overload 2 of 2, '(input: void | { whatsappNumberId?: number; search?: string; unreadOnly?: boolean; assignedToMe?: boolean; sort?: "recent" | "oldest" | "unread"; } | typeof skipToken, opts?: UseTRPCQueryOptions<{ id?: number; ... 19 more ...; lastMessageMediaName?: any; }[], { ...; }[], TRPCClientErrorLike<...>, { ...; }[]>): UseTRPCQueryResult<...>', gave the following error.
    Object literal may only specify known properties, and 'limit' does not exist in type '{ whatsappNumberId?: number; search?: string; unreadOnly?: boolean; assignedToMe?: boolean; sort?: "recent" | "oldest" | "unread"; }'.
client/src/components/Map.tsx(89,29): error TS2339: Property 'env' does not exist on type 'ImportMeta'.
client/src/components/Map.tsx(91,15): error TS2339: Property 'env' does not exist on type 'ImportMeta'.
client/src/components/notes-tasks/LeadReminders.tsx(88,66): error TS2339: Property 'useQuery' does not exist on type 'DecoratedMutation<{ input: void | { leadId: number; }; output: { id?: number; status?: "active" | "blocked" | "archived"; createdAt?: string; updatedAt?: string; tenantId?: number; assignedToId?: number; whatsappNumberId?: number; ... 10 more ...; unreadCount?: number; } | { ...; }; transformer: false; errorShape: D...'.
client/src/components/notes-tasks/LeadReminders.tsx(117,28): error TS2345: Argument of type '(prev: { message: string; scheduledDate: string; scheduledTime: string; timezone: string; messageType: "text"; isRecurring: boolean; recurrencePattern: "daily" | "weekly" | "monthly"; recurrenceEndDate: string; buttons: ReminderButton[]; mediaUrl: string; mediaName: string; }) => { ...; }' is not assignable to parameter of type 'SetStateAction<{ message: string; scheduledDate: string; scheduledTime: string; timezone: string; messageType: "text"; isRecurring: boolean; recurrencePattern: "daily" | "weekly" | "monthly"; recurrenceEndDate: string; buttons: ReminderButton[]; mediaUrl: string; mediaName: string; }>'.
  Type '(prev: { message: string; scheduledDate: string; scheduledTime: string; timezone: string; messageType: "text"; isRecurring: boolean; recurrencePattern: "daily" | "weekly" | "monthly"; recurrenceEndDate: string; buttons: ReminderButton[]; mediaUrl: string; mediaName: string; }) => { ...; }' is not assignable to type '(prevState: { message: string; scheduledDate: string; scheduledTime: string; timezone: string; messageType: "text"; isRecurring: boolean; recurrencePattern: "daily" | "weekly" | "monthly"; recurrenceEndDate: string; buttons: ReminderButton[]; mediaUrl: string; mediaName: string; }) => { ...; }'.
    Call signature return types '{ mediaUrl: any; mediaName: any; messageType: "image" | "document"; message: string; scheduledDate: string; scheduledTime: string; timezone: string; isRecurring: boolean; recurrencePattern: "daily" | ... 1 more ... | "monthly"; recurrenceEndDate: string; buttons: ReminderButton[]; }' and '{ message: string; scheduledDate: string; scheduledTime: string; timezone: string; messageType: "text"; isRecurring: boolean; recurrencePattern: "daily" | "weekly" | "monthly"; recurrenceEndDate: string; buttons: ReminderButton[]; mediaUrl: string; mediaName: string; }' are incompatible.
      The types of 'messageType' are incompatible between these types.
        Type '"image" | "document"' is not assignable to type '"text"'.
          Type '"image"' is not assignable to type '"text"'.
client/src/components/notes-tasks/LeadReminders.tsx(374,42): error TS2367: This comparison appears to be unintentional because the types '"text"' and '"image"' have no overlap.
client/src/components/tags/TagSelector.tsx(149,68): error TS2345: Argument of type '{ id?: number; name?: string; color?: string; createdAt?: string; tenantId?: number; description?: string; }' is not assignable to parameter of type 'Tag'.
  Property 'id' is optional in type '{ id?: number; name?: string; color?: string; createdAt?: string; tenantId?: number; description?: string; }' but required in type 'Tag'.
client/src/const.ts(5,38): error TS2339: Property 'env' does not exist on type 'ImportMeta'.
client/src/const.ts(6,29): error TS2339: Property 'env' does not exist on type 'ImportMeta'.
client/src/hooks/useLeadsController.ts(152,25): error TS2352: Conversion of type '{ id?: number; source?: string; name?: string; value?: string; status?: "won" | "lost" | "new" | "contacted" | "qualified" | "negotiation"; email?: string; createdAt?: string; updatedAt?: string; tenantId?: number; ... 11 more ...; lastContactedAt?: string; }[]' to type 'Lead[]' may be a mistake because neither type sufficiently overlaps with the other. If this was intentional, convert the expression to 'unknown' first.
  Type '{ id?: number; source?: string; name?: string; value?: string; status?: "won" | "lost" | "new" | "contacted" | "qualified" | "negotiation"; email?: string; createdAt?: string; updatedAt?: string; tenantId?: number; ... 11 more ...; lastContactedAt?: string; }' is not comparable to type 'Lead'.
    Types of property 'createdAt' are incompatible.
      Type 'string' is not comparable to type 'Date'.
client/src/hooks/useWebSocket.ts(85,39): error TS2339: Property 'env' does not exist on type 'ImportMeta'.
client/src/main.tsx(12,17): error TS2339: Property 'env' does not exist on type 'ImportMeta'.
client/src/main.tsx(14,22): error TS2339: Property 'env' does not exist on type 'ImportMeta'.
client/src/main.tsx(15,30): error TS2339: Property 'env' does not exist on type 'ImportMeta'.
client/src/main.tsx(23,34): error TS2339: Property 'env' does not exist on type 'ImportMeta'.
client/src/main.tsx(24,35): error TS2339: Property 'env' does not exist on type 'ImportMeta'.
client/src/main.tsx(76,7): error TS2322: Type 'typeof SuperJSON' is not assignable to type 'TypeError<"You must define a transformer on your your `initTRPC`-object first">'.
  Type 'typeof SuperJSON' is not assignable to type '"You must define a transformer on your your `initTRPC`-object first"'.
client/src/pages/AutomationBuilder.tsx(58,24): error TS18048: 'paramsRoute' is possibly 'undefined'.
client/src/pages/AutomationBuilder.tsx(74,55): error TS2339: Property 'get' does not exist on type 'DecorateRouterRecord<{ ctx: TrpcContext; meta: object; errorShape: DefaultErrorShape; transformer: false; }, DecorateCreateRouterOptions<{ list: QueryProcedure<{ input: void; output: { id: number; tenantId: number; name: string; ... 6 more ...; updatedAt: Date; }[]; meta: object; }>; create: MutationProcedure<...>; ...'.
client/src/pages/Login.tsx(15,35): error TS2339: Property 'env' does not exist on type 'ImportMeta'.
client/src/pages/Monitoring.tsx(220,24): error TS2352: Conversion of type '{ id?: number; displayName?: string; status?: "active" | "warming_up" | "blocked" | "disconnected"; createdAt?: string; updatedAt?: string; tenantId?: number; phoneNumber?: string; country?: string; ... 7 more ...; isConnected?: boolean; }[]' to type 'WhatsAppNumber[]' may be a mistake because neither type sufficiently overlaps with the other. If this was intentional, convert the expression to 'unknown' first.
  Type '{ id?: number; displayName?: string; status?: "active" | "warming_up" | "blocked" | "disconnected"; createdAt?: string; updatedAt?: string; tenantId?: number; phoneNumber?: string; country?: string; ... 7 more ...; isConnected?: boolean; }' is not comparable to type 'WhatsAppNumber'.
    Types of property 'lastConnected' are incompatible.
      Type 'string' is not comparable to type 'Date'.
server/_core/index.ts(342,36): error TS2769: No overload matches this call.
  Overload 1 of 2, '(value: { tenantId: number | SQL<unknown> | Placeholder<string, any>; id?: number | SQL<unknown> | Placeholder<string, any>; createdAt?: SQL<unknown> | Date | Placeholder<...>; ... 19 more ...; lastAssignedAgentId?: number | ... 1 more ... | Placeholder<...>; }): MySqlInsertBase<...>', gave the following error.
    Argument of type '{ companyName: string; timezone: string; language: string; currency: string; permissionsMatrix: { owner: string[]; admin: string[]; supervisor: string[]; agent: string[]; viewer: string[]; }; scheduling: { slotMinutes: number; maxPerSlot: number; allowCustomTime: true; }; salesConfig: { ...; }; chatDistributionConfi...' is not assignable to parameter of type '{ tenantId: number | SQL<unknown> | Placeholder<string, any>; id?: number | SQL<unknown> | Placeholder<string, any>; createdAt?: SQL<unknown> | Date | Placeholder<...>; ... 19 more ...; lastAssignedAgentId?: number | ... 1 more ... | Placeholder<...>; }'.
      Property 'tenantId' is missing in type '{ companyName: string; timezone: string; language: string; currency: string; permissionsMatrix: { owner: string[]; admin: string[]; supervisor: string[]; agent: string[]; viewer: string[]; }; scheduling: { slotMinutes: number; maxPerSlot: number; allowCustomTime: true; }; salesConfig: { ...; }; chatDistributionConfi...' but required in type '{ tenantId: number | SQL<unknown> | Placeholder<string, any>; id?: number | SQL<unknown> | Placeholder<string, any>; createdAt?: SQL<unknown> | Date | Placeholder<...>; ... 19 more ...; lastAssignedAgentId?: number | ... 1 more ... | Placeholder<...>; }'.
  Overload 2 of 2, '(values: { tenantId: number | SQL<unknown> | Placeholder<string, any>; id?: number | SQL<unknown> | Placeholder<string, any>; createdAt?: SQL<unknown> | Date | Placeholder<...>; ... 19 more ...; lastAssignedAgentId?: number | ... 1 more ... | Placeholder<...>; }[]): MySqlInsertBase<...>', gave the following error.
    Object literal may only specify known properties, and 'companyName' does not exist in type '{ tenantId: number | SQL<unknown> | Placeholder<string, any>; id?: number | SQL<unknown> | Placeholder<string, any>; createdAt?: SQL<unknown> | Date | Placeholder<...>; ... 19 more ...; lastAssignedAgentId?: number | ... 1 more ... | Placeholder<...>; }[]'.
server/_core/native-oauth.ts(120,41): error TS2345: Argument of type '{ openId: string; name: string; email: string; loginMethod: string; lastSignedIn: Date; role: "owner"; }' is not assignable to parameter of type '{ tenantId: number; openId: string; id?: number; name?: string; role?: "owner" | "admin" | "supervisor" | "agent" | "viewer"; email?: string; createdAt?: Date; updatedAt?: Date; password?: string; ... 6 more ...; lastSignedIn?: Date; }'.
  Property 'tenantId' is missing in type '{ openId: string; name: string; email: string; loginMethod: string; lastSignedIn: Date; role: "owner"; }' but required in type '{ tenantId: number; openId: string; id?: number; name?: string; role?: "owner" | "admin" | "supervisor" | "agent" | "viewer"; email?: string; createdAt?: Date; updatedAt?: Date; password?: string; ... 6 more ...; lastSignedIn?: Date; }'.
server/_core/native-oauth.ts(217,41): error TS2345: Argument of type '{ openId: any; name: any; email: any; loginMethod: string; lastSignedIn: Date; role: "owner"; }' is not assignable to parameter of type '{ tenantId: number; openId: string; id?: number; name?: string; role?: "owner" | "admin" | "supervisor" | "agent" | "viewer"; email?: string; createdAt?: Date; updatedAt?: Date; password?: string; ... 6 more ...; lastSignedIn?: Date; }'.
  Property 'tenantId' is missing in type '{ openId: any; name: any; email: any; loginMethod: string; lastSignedIn: Date; role: "owner"; }' but required in type '{ tenantId: number; openId: string; id?: number; name?: string; role?: "owner" | "admin" | "supervisor" | "agent" | "viewer"; email?: string; createdAt?: Date; updatedAt?: Date; password?: string; ... 6 more ...; lastSignedIn?: Date; }'.
server/_core/oauth.ts(25,27): error TS2345: Argument of type '{ openId: string; name: string; email: null; loginMethod: string; lastSignedIn: Date; role: "owner"; }' is not assignable to parameter of type '{ tenantId: number; openId: string; id?: number; name?: string; role?: "owner" | "admin" | "supervisor" | "agent" | "viewer"; email?: string; createdAt?: Date; updatedAt?: Date; password?: string; ... 6 more ...; lastSignedIn?: Date; }'.
  Property 'tenantId' is missing in type '{ openId: string; name: string; email: null; loginMethod: string; lastSignedIn: Date; role: "owner"; }' but required in type '{ tenantId: number; openId: string; id?: number; name?: string; role?: "owner" | "admin" | "supervisor" | "agent" | "viewer"; email?: string; createdAt?: Date; updatedAt?: Date; password?: string; ... 6 more ...; lastSignedIn?: Date; }'.
server/_core/oauth.ts(59,27): error TS2345: Argument of type '{ openId: string; name: string; email: string; loginMethod: string; lastSignedIn: Date; }' is not assignable to parameter of type '{ tenantId: number; openId: string; id?: number; name?: string; role?: "owner" | "admin" | "supervisor" | "agent" | "viewer"; email?: string; createdAt?: Date; updatedAt?: Date; password?: string; ... 6 more ...; lastSignedIn?: Date; }'.
  Property 'tenantId' is missing in type '{ openId: string; name: string; email: string; loginMethod: string; lastSignedIn: Date; }' but required in type '{ tenantId: number; openId: string; id?: number; name?: string; role?: "owner" | "admin" | "supervisor" | "agent" | "viewer"; email?: string; createdAt?: Date; updatedAt?: Date; password?: string; ... 6 more ...; lastSignedIn?: Date; }'.
server/_core/sdk.ts(212,43): error TS2769: No overload matches this call.
  Overload 1 of 2, '(value: { tenantId: number | SQL<unknown> | Placeholder<string, any>; userId: number | SQL<unknown> | Placeholder<string, any>; sessionToken: string | SQL<unknown> | Placeholder<...>; ... 5 more ...; lastActivityAt?: SQL<...> | ... 1 more ... | Placeholder<...>; }): MySqlInsertBase<...>', gave the following error.
    Argument of type '{ userId: number; sessionToken: `${string}-${string}-${string}-${string}-${string}`; ipAddress: string; userAgent: string; expiresAt: Date; lastActivityAt: Date; }' is not assignable to parameter of type '{ tenantId: number | SQL<unknown> | Placeholder<string, any>; userId: number | SQL<unknown> | Placeholder<string, any>; sessionToken: string | SQL<unknown> | Placeholder<...>; ... 5 more ...; lastActivityAt?: SQL<...> | ... 1 more ... | Placeholder<...>; }'.
      Property 'tenantId' is missing in type '{ userId: number; sessionToken: `${string}-${string}-${string}-${string}-${string}`; ipAddress: string; userAgent: string; expiresAt: Date; lastActivityAt: Date; }' but required in type '{ tenantId: number | SQL<unknown> | Placeholder<string, any>; userId: number | SQL<unknown> | Placeholder<string, any>; sessionToken: string | SQL<unknown> | Placeholder<...>; ... 5 more ...; lastActivityAt?: SQL<...> | ... 1 more ... | Placeholder<...>; }'.
  Overload 2 of 2, '(values: { tenantId: number | SQL<unknown> | Placeholder<string, any>; userId: number | SQL<unknown> | Placeholder<string, any>; sessionToken: string | SQL<unknown> | Placeholder<...>; ... 5 more ...; lastActivityAt?: SQL<...> | ... 1 more ... | Placeholder<...>; }[]): MySqlInsertBase<...>', gave the following error.
    Object literal may only specify known properties, and 'userId' does not exist in type '{ tenantId: number | SQL<unknown> | Placeholder<string, any>; userId: number | SQL<unknown> | Placeholder<string, any>; sessionToken: string | SQL<unknown> | Placeholder<...>; ... 5 more ...; lastActivityAt?: SQL<...> | ... 1 more ... | Placeholder<...>; }[]'.
server/_core/sdk.ts(335,29): error TS2345: Argument of type '{ openId: string; name: string; email: string; loginMethod: string; lastSignedIn: Date; }' is not assignable to parameter of type '{ tenantId: number; openId: string; id?: number; name?: string; role?: "owner" | "admin" | "supervisor" | "agent" | "viewer"; email?: string; createdAt?: Date; updatedAt?: Date; password?: string; ... 6 more ...; lastSignedIn?: Date; }'.
  Property 'tenantId' is missing in type '{ openId: string; name: string; email: string; loginMethod: string; lastSignedIn: Date; }' but required in type '{ tenantId: number; openId: string; id?: number; name?: string; role?: "owner" | "admin" | "supervisor" | "agent" | "viewer"; email?: string; createdAt?: Date; updatedAt?: Date; password?: string; ... 6 more ...; lastSignedIn?: Date; }'.
server/_core/sdk.ts(357,25): error TS2345: Argument of type '{ openId: string; lastSignedIn: Date; }' is not assignable to parameter of type '{ tenantId: number; openId: string; id?: number; name?: string; role?: "owner" | "admin" | "supervisor" | "agent" | "viewer"; email?: string; createdAt?: Date; updatedAt?: Date; password?: string; ... 6 more ...; lastSignedIn?: Date; }'.
  Property 'tenantId' is missing in type '{ openId: string; lastSignedIn: Date; }' but required in type '{ tenantId: number; openId: string; id?: number; name?: string; role?: "owner" | "admin" | "supervisor" | "agent" | "viewer"; email?: string; createdAt?: Date; updatedAt?: Date; password?: string; ... 6 more ...; lastSignedIn?: Date; }'.
server/_core/test-routes.ts(43,54): error TS2769: No overload matches this call.
  Overload 1 of 2, '(value: { tenantId: number | SQL<unknown> | Placeholder<string, any>; phoneNumber: string | SQL<unknown> | Placeholder<string, any>; country: string | SQL<unknown> | Placeholder<...>; ... 12 more ...; isConnected?: boolean | ... 1 more ... | Placeholder<...>; }): MySqlInsertBase<...>', gave the following error.
    Argument of type '{ phoneNumber: string; displayName: string; country: string; countryCode: string; status: "active"; isConnected: false; }' is not assignable to parameter of type '{ tenantId: number | SQL<unknown> | Placeholder<string, any>; phoneNumber: string | SQL<unknown> | Placeholder<string, any>; country: string | SQL<unknown> | Placeholder<...>; ... 12 more ...; isConnected?: boolean | ... 1 more ... | Placeholder<...>; }'.
      Property 'tenantId' is missing in type '{ phoneNumber: string; displayName: string; country: string; countryCode: string; status: "active"; isConnected: false; }' but required in type '{ tenantId: number | SQL<unknown> | Placeholder<string, any>; phoneNumber: string | SQL<unknown> | Placeholder<string, any>; country: string | SQL<unknown> | Placeholder<...>; ... 12 more ...; isConnected?: boolean | ... 1 more ... | Placeholder<...>; }'.
  Overload 2 of 2, '(values: { tenantId: number | SQL<unknown> | Placeholder<string, any>; phoneNumber: string | SQL<unknown> | Placeholder<string, any>; country: string | SQL<unknown> | Placeholder<...>; ... 12 more ...; isConnected?: boolean | ... 1 more ... | Placeholder<...>; }[]): MySqlInsertBase<...>', gave the following error.
    Object literal may only specify known properties, and 'phoneNumber' does not exist in type '{ tenantId: number | SQL<unknown> | Placeholder<string, any>; phoneNumber: string | SQL<unknown> | Placeholder<string, any>; country: string | SQL<unknown> | Placeholder<...>; ... 12 more ...; isConnected?: boolean | ... 1 more ... | Placeholder<...>; }[]'.
server/_core/test-routes.ts(67,46): error TS2769: No overload matches this call.
  Overload 1 of 2, '(value: { tenantId: number | SQL<unknown> | Placeholder<string, any>; whatsappNumberId: number | SQL<unknown> | Placeholder<string, any>; connectionType: SQL<...> | ... 2 more ... | Placeholder<...>; ... 10 more ...; lastPingAt?: SQL<...> | ... 1 more ... | Placeholder<...>; }): MySqlInsertBase<...>', gave the following error.
    Argument of type '{ whatsappNumberId: number; connectionType: "api"; isConnected: true; phoneNumberId: string; }' is not assignable to parameter of type '{ tenantId: number | SQL<unknown> | Placeholder<string, any>; whatsappNumberId: number | SQL<unknown> | Placeholder<string, any>; connectionType: SQL<...> | "api" | "qr" | Placeholder<...>; ... 10 more ...; lastPingAt?: SQL<...> | ... 1 more ... | Placeholder<...>; }'.
      Property 'tenantId' is missing in type '{ whatsappNumberId: number; connectionType: "api"; isConnected: true; phoneNumberId: string; }' but required in type '{ tenantId: number | SQL<unknown> | Placeholder<string, any>; whatsappNumberId: number | SQL<unknown> | Placeholder<string, any>; connectionType: SQL<...> | "api" | "qr" | Placeholder<...>; ... 10 more ...; lastPingAt?: SQL<...> | ... 1 more ... | Placeholder<...>; }'.
  Overload 2 of 2, '(values: { tenantId: number | SQL<unknown> | Placeholder<string, any>; whatsappNumberId: number | SQL<unknown> | Placeholder<string, any>; connectionType: SQL<...> | ... 2 more ... | Placeholder<...>; ... 10 more ...; lastPingAt?: SQL<...> | ... 1 more ... | Placeholder<...>; }[]): MySqlInsertBase<...>', gave the following error.
    Object literal may only specify known properties, and 'whatsappNumberId' does not exist in type '{ tenantId: number | SQL<unknown> | Placeholder<string, any>; whatsappNumberId: number | SQL<unknown> | Placeholder<string, any>; connectionType: SQL<...> | "api" | "qr" | Placeholder<...>; ... 10 more ...; lastPingAt?: SQL<...> | ... 1 more ... | Placeholder<...>; }[]'.
server/_core/test-routes.ts(79,52): error TS2769: No overload matches this call.
  Overload 1 of 2, '(value: { name: string | SQL<unknown> | Placeholder<string, any>; color: string | SQL<unknown> | Placeholder<string, any>; tenantId: number | SQL<unknown> | Placeholder<...>; id?: number | ... 1 more ... | Placeholder<...>; createdAt?: SQL<...> | ... 1 more ... | Placeholder<...>; updatedAt?: SQL<...> | ... 1 more ... | Placeholder<...>; greetingMessage?: string | ... 1 more ... | Placeholder<...>; }): MySqlInsertBase<...>', gave the following error.
    Argument of type '{ name: string; color: string; greetingMessage: string; }' is not assignable to parameter of type '{ name: string | SQL<unknown> | Placeholder<string, any>; color: string | SQL<unknown> | Placeholder<string, any>; tenantId: number | SQL<unknown> | Placeholder<string, any>; id?: number | ... 1 more ... | Placeholder<...>; createdAt?: SQL<...> | ... 1 more ... | Placeholder<...>; updatedAt?: SQL<...> | ... 1 more ....'.
      Property 'tenantId' is missing in type '{ name: string; color: string; greetingMessage: string; }' but required in type '{ name: string | SQL<unknown> | Placeholder<string, any>; color: string | SQL<unknown> | Placeholder<string, any>; tenantId: number | SQL<unknown> | Placeholder<string, any>; id?: number | ... 1 more ... | Placeholder<...>; createdAt?: SQL<...> | ... 1 more ... | Placeholder<...>; updatedAt?: SQL<...> | ... 1 more ....'.
  Overload 2 of 2, '(values: { name: string | SQL<unknown> | Placeholder<string, any>; color: string | SQL<unknown> | Placeholder<string, any>; tenantId: number | SQL<unknown> | Placeholder<...>; id?: number | ... 1 more ... | Placeholder<...>; createdAt?: SQL<...> | ... 1 more ... | Placeholder<...>; updatedAt?: SQL<...> | ... 1 more ... | Placeholder<...>; greetingMessage?: string | ... 1 more ... | Placeholder<...>; }[]): MySqlInsertBase<...>', gave the following error.
    Object literal may only specify known properties, and 'name' does not exist in type '{ name: string | SQL<unknown> | Placeholder<string, any>; color: string | SQL<unknown> | Placeholder<string, any>; tenantId: number | SQL<unknown> | Placeholder<string, any>; id?: number | ... 1 more ... | Placeholder<...>; createdAt?: SQL<...> | ... 1 more ... | Placeholder<...>; updatedAt?: SQL<...> | ... 1 more ....'.
server/meta-routes.ts(127,75): error TS2769: No overload matches this call.
  Overload 1 of 2, '(value: { tenantId: number | SQL<unknown> | Placeholder<string, any>; phoneNumber: string | SQL<unknown> | Placeholder<string, any>; country: string | SQL<unknown> | Placeholder<...>; ... 12 more ...; isConnected?: boolean | ... 1 more ... | Placeholder<...>; }): MySqlInsertBase<...>', gave the following error.
    Argument of type '{ phoneNumber: any; displayName: any; country: string; countryCode: string; status: "active"; isConnected: true; }' is not assignable to parameter of type '{ tenantId: number | SQL<unknown> | Placeholder<string, any>; phoneNumber: string | SQL<unknown> | Placeholder<string, any>; country: string | SQL<unknown> | Placeholder<...>; ... 12 more ...; isConnected?: boolean | ... 1 more ... | Placeholder<...>; }'.
      Property 'tenantId' is missing in type '{ phoneNumber: any; displayName: any; country: string; countryCode: string; status: "active"; isConnected: true; }' but required in type '{ tenantId: number | SQL<unknown> | Placeholder<string, any>; phoneNumber: string | SQL<unknown> | Placeholder<string, any>; country: string | SQL<unknown> | Placeholder<...>; ... 12 more ...; isConnected?: boolean | ... 1 more ... | Placeholder<...>; }'.
  Overload 2 of 2, '(values: { tenantId: number | SQL<unknown> | Placeholder<string, any>; phoneNumber: string | SQL<unknown> | Placeholder<string, any>; country: string | SQL<unknown> | Placeholder<...>; ... 12 more ...; isConnected?: boolean | ... 1 more ... | Placeholder<...>; }[]): MySqlInsertBase<...>', gave the following error.
    Object literal may only specify known properties, and 'phoneNumber' does not exist in type '{ tenantId: number | SQL<unknown> | Placeholder<string, any>; phoneNumber: string | SQL<unknown> | Placeholder<string, any>; country: string | SQL<unknown> | Placeholder<...>; ... 12 more ...; isConnected?: boolean | ... 1 more ... | Placeholder<...>; }[]'.
server/meta-routes.ts(139,64): error TS2769: No overload matches this call.
  Overload 1 of 2, '(value: { tenantId: number | SQL<unknown> | Placeholder<string, any>; whatsappNumberId: number | SQL<unknown> | Placeholder<string, any>; connectionType: SQL<...> | ... 2 more ... | Placeholder<...>; ... 10 more ...; lastPingAt?: SQL<...> | ... 1 more ... | Placeholder<...>; }): MySqlInsertBase<...>', gave the following error.
    Argument of type '{ whatsappNumberId: number; connectionType: "api"; phoneNumberId: any; businessAccountId: any; accessToken: string; isConnected: true; }' is not assignable to parameter of type '{ tenantId: number | SQL<unknown> | Placeholder<string, any>; whatsappNumberId: number | SQL<unknown> | Placeholder<string, any>; connectionType: SQL<...> | "api" | "qr" | Placeholder<...>; ... 10 more ...; lastPingAt?: SQL<...> | ... 1 more ... | Placeholder<...>; }'.
      Property 'tenantId' is missing in type '{ whatsappNumberId: number; connectionType: "api"; phoneNumberId: any; businessAccountId: any; accessToken: string; isConnected: true; }' but required in type '{ tenantId: number | SQL<unknown> | Placeholder<string, any>; whatsappNumberId: number | SQL<unknown> | Placeholder<string, any>; connectionType: SQL<...> | "api" | "qr" | Placeholder<...>; ... 10 more ...; lastPingAt?: SQL<...> | ... 1 more ... | Placeholder<...>; }'.
  Overload 2 of 2, '(values: { tenantId: number | SQL<unknown> | Placeholder<string, any>; whatsappNumberId: number | SQL<unknown> | Placeholder<string, any>; connectionType: SQL<...> | ... 2 more ... | Placeholder<...>; ... 10 more ...; lastPingAt?: SQL<...> | ... 1 more ... | Placeholder<...>; }[]): MySqlInsertBase<...>', gave the following error.
    Object literal may only specify known properties, and 'whatsappNumberId' does not exist in type '{ tenantId: number | SQL<unknown> | Placeholder<string, any>; whatsappNumberId: number | SQL<unknown> | Placeholder<string, any>; connectionType: SQL<...> | "api" | "qr" | Placeholder<...>; ... 10 more ...; lastPingAt?: SQL<...> | ... 1 more ... | Placeholder<...>; }[]'.
server/routers/campaigns.ts(25,55): error TS2769: No overload matches this call.
  Overload 1 of 2, '(value: { name: string | SQL<unknown> | Placeholder<string, any>; tenantId: number | SQL<unknown> | Placeholder<string, any>; message: string | SQL<unknown> | Placeholder<...>; ... 15 more ...; createdById?: number | ... 1 more ... | Placeholder<...>; }): MySqlInsertBase<...>', gave the following error.
    Argument of type '{ status: "draft"; name: string; type: "email" | "whatsapp"; message: string; templateId?: number; audienceConfig?: any; }' is not assignable to parameter of type '{ name: string | SQL<unknown> | Placeholder<string, any>; tenantId: number | SQL<unknown> | Placeholder<string, any>; message: string | SQL<unknown> | Placeholder<...>; ... 15 more ...; createdById?: number | ... 1 more ... | Placeholder<...>; }'.
      Property 'tenantId' is missing in type '{ status: "draft"; name: string; type: "email" | "whatsapp"; message: string; templateId?: number; audienceConfig?: any; }' but required in type '{ name: string | SQL<unknown> | Placeholder<string, any>; tenantId: number | SQL<unknown> | Placeholder<string, any>; message: string | SQL<unknown> | Placeholder<...>; ... 15 more ...; createdById?: number | ... 1 more ... | Placeholder<...>; }'.
  Overload 2 of 2, '(values: { name: string | SQL<unknown> | Placeholder<string, any>; tenantId: number | SQL<unknown> | Placeholder<string, any>; message: string | SQL<unknown> | Placeholder<...>; ... 15 more ...; createdById?: number | ... 1 more ... | Placeholder<...>; }[]): MySqlInsertBase<...>', gave the following error.
    Object literal may only specify known properties, and 'status' does not exist in type '{ name: string | SQL<unknown> | Placeholder<string, any>; tenantId: number | SQL<unknown> | Placeholder<string, any>; message: string | SQL<unknown> | Placeholder<...>; ... 15 more ...; createdById?: number | ... 1 more ... | Placeholder<...>; }[]'.
server/routers/campaigns.ts(96,57): error TS2769: No overload matches this call.
  Overload 1 of 2, '(value: { tenantId: number | SQL<unknown> | Placeholder<string, any>; campaignId: number | SQL<unknown> | Placeholder<string, any>; leadId: number | SQL<unknown> | Placeholder<...>; ... 8 more ...; errorMessage?: string | ... 1 more ... | Placeholder<...>; }): MySqlInsertBase<...>', gave the following error.
    Argument of type '{ campaignId: number; leadId: number; status: "pending"; }' is not assignable to parameter of type '{ tenantId: number | SQL<unknown> | Placeholder<string, any>; campaignId: number | SQL<unknown> | Placeholder<string, any>; leadId: number | SQL<unknown> | Placeholder<...>; ... 8 more ...; errorMessage?: string | ... 1 more ... | Placeholder<...>; }'.
      Property 'tenantId' is missing in type '{ campaignId: number; leadId: number; status: "pending"; }' but required in type '{ tenantId: number | SQL<unknown> | Placeholder<string, any>; campaignId: number | SQL<unknown> | Placeholder<string, any>; leadId: number | SQL<unknown> | Placeholder<...>; ... 8 more ...; errorMessage?: string | ... 1 more ... | Placeholder<...>; }'.
  Overload 2 of 2, '(values: { tenantId: number | SQL<unknown> | Placeholder<string, any>; campaignId: number | SQL<unknown> | Placeholder<string, any>; leadId: number | SQL<unknown> | Placeholder<...>; ... 8 more ...; errorMessage?: string | ... 1 more ... | Placeholder<...>; }[]): MySqlInsertBase<...>', gave the following error.
    Object literal may only specify known properties, and 'campaignId' does not exist in type '{ tenantId: number | SQL<unknown> | Placeholder<string, any>; campaignId: number | SQL<unknown> | Placeholder<string, any>; leadId: number | SQL<unknown> | Placeholder<...>; ... 8 more ...; errorMessage?: string | ... 1 more ... | Placeholder<...>; }[]'.
server/routers/chat.ts(62,59): error TS2769: No overload matches this call.
  Overload 1 of 2, '(value: { tenantId: number | SQL<unknown> | Placeholder<string, any>; contactPhone: string | SQL<unknown> | Placeholder<string, any>; id?: number | SQL<unknown> | Placeholder<...>; ... 14 more ...; unreadCount?: number | ... 1 more ... | Placeholder<...>; }): MySqlInsertBase<...>', gave the following error.
    Argument of type '{ channel: "whatsapp"; whatsappNumberId: number; whatsappConnectionType: any; externalChatId: null; contactPhone: string; contactName: string; leadId: number; status: "active"; unreadCount: number; assignedToId: number; }' is not assignable to parameter of type '{ tenantId: number | SQL<unknown> | Placeholder<string, any>; contactPhone: string | SQL<unknown> | Placeholder<string, any>; id?: number | SQL<unknown> | Placeholder<...>; ... 14 more ...; unreadCount?: number | ... 1 more ... | Placeholder<...>; }'.
      Property 'tenantId' is missing in type '{ channel: "whatsapp"; whatsappNumberId: number; whatsappConnectionType: any; externalChatId: null; contactPhone: string; contactName: string; leadId: number; status: "active"; unreadCount: number; assignedToId: number; }' but required in type '{ tenantId: number | SQL<unknown> | Placeholder<string, any>; contactPhone: string | SQL<unknown> | Placeholder<string, any>; id?: number | SQL<unknown> | Placeholder<...>; ... 14 more ...; unreadCount?: number | ... 1 more ... | Placeholder<...>; }'.
  Overload 2 of 2, '(values: { tenantId: number | SQL<unknown> | Placeholder<string, any>; contactPhone: string | SQL<unknown> | Placeholder<string, any>; id?: number | SQL<unknown> | Placeholder<...>; ... 14 more ...; unreadCount?: number | ... 1 more ... | Placeholder<...>; }[]): MySqlInsertBase<...>', gave the following error.
    Object literal may only specify known properties, and 'channel' does not exist in type '{ tenantId: number | SQL<unknown> | Placeholder<string, any>; contactPhone: string | SQL<unknown> | Placeholder<string, any>; id?: number | SQL<unknown> | Placeholder<...>; ... 14 more ...; unreadCount?: number | ... 1 more ... | Placeholder<...>; }[]'.
server/routers/chat.ts(623,29): error TS2353: Object literal may only specify known properties, and 'message' does not exist in type '{ accessToken: string; phoneNumberId: string; to: string; payload: CloudSendPayload; }'.
server/routers/custom-fields.ts(24,60): error TS2769: No overload matches this call.
  Overload 1 of 2, '(value: { name: string | SQL<unknown> | Placeholder<string, any>; type: "number" | "select" | "text" | "checkbox" | "date" | SQL<unknown> | Placeholder<string, any>; ... 7 more ...; isRequired?: boolean | ... 1 more ... | Placeholder<...>; }): MySqlInsertBase<...>', gave the following error.
    Argument of type '{ name: string; type: "number" | "select" | "text" | "checkbox" | "date"; entityType: "lead" | "contact" | "company"; options?: string[]; }' is not assignable to parameter of type '{ name: string | SQL<unknown> | Placeholder<string, any>; type: "number" | "select" | "text" | "checkbox" | "date" | SQL<unknown> | Placeholder<string, any>; ... 7 more ...; isRequired?: boolean | ... 1 more ... | Placeholder<...>; }'.
      Property 'tenantId' is missing in type '{ name: string; type: "number" | "select" | "text" | "checkbox" | "date"; entityType: "lead" | "contact" | "company"; options?: string[]; }' but required in type '{ name: string | SQL<unknown> | Placeholder<string, any>; type: "number" | "select" | "text" | "checkbox" | "date" | SQL<unknown> | Placeholder<string, any>; ... 7 more ...; isRequired?: boolean | ... 1 more ... | Placeholder<...>; }'.
  Overload 2 of 2, '(values: { name: string | SQL<unknown> | Placeholder<string, any>; type: "number" | "select" | "text" | "checkbox" | "date" | SQL<unknown> | Placeholder<string, any>; ... 7 more ...; isRequired?: boolean | ... 1 more ... | Placeholder<...>; }[]): MySqlInsertBase<...>', gave the following error.
    Argument of type '{ name: string; type: "number" | "select" | "text" | "checkbox" | "date"; entityType: "lead" | "contact" | "company"; options?: string[]; }' is not assignable to parameter of type '{ name: string | SQL<unknown> | Placeholder<string, any>; type: "number" | "select" | "text" | "checkbox" | "date" | SQL<unknown> | Placeholder<string, any>; ... 7 more ...; isRequired?: boolean | ... 1 more ... | Placeholder<...>; }[]'.
      Type '{ name: string; type: "number" | "select" | "text" | "checkbox" | "date"; entityType: "lead" | "contact" | "company"; options?: string[]; }' is missing the following properties from type '{ name: string | SQL<unknown> | Placeholder<string, any>; type: "number" | "select" | "text" | "checkbox" | "date" | SQL<unknown> | Placeholder<string, any>; ... 7 more ...; isRequired?: boolean | ... 1 more ... | Placeholder<...>; }[]': length, pop, push, concat, and 35 more.
server/routers/facebook.ts(37,48): error TS2769: No overload matches this call.
  Overload 1 of 2, '(value: { name: string | SQL<unknown> | Placeholder<string, any>; tenantId: number | SQL<unknown> | Placeholder<string, any>; pageId: string | SQL<unknown> | Placeholder<...>; ... 5 more ...; pictureUrl?: string | ... 1 more ... | Placeholder<...>; }): MySqlInsertBase<...>', gave the following error.
    Argument of type '{ pageId: string; name: string; accessToken: string; pictureUrl: string; isConnected: true; }' is not assignable to parameter of type '{ name: string | SQL<unknown> | Placeholder<string, any>; tenantId: number | SQL<unknown> | Placeholder<string, any>; pageId: string | SQL<unknown> | Placeholder<...>; ... 5 more ...; pictureUrl?: string | ... 1 more ... | Placeholder<...>; }'.
      Property 'tenantId' is missing in type '{ pageId: string; name: string; accessToken: string; pictureUrl: string; isConnected: true; }' but required in type '{ name: string | SQL<unknown> | Placeholder<string, any>; tenantId: number | SQL<unknown> | Placeholder<string, any>; pageId: string | SQL<unknown> | Placeholder<...>; ... 5 more ...; pictureUrl?: string | ... 1 more ... | Placeholder<...>; }'.
  Overload 2 of 2, '(values: { name: string | SQL<unknown> | Placeholder<string, any>; tenantId: number | SQL<unknown> | Placeholder<string, any>; pageId: string | SQL<unknown> | Placeholder<...>; ... 5 more ...; pictureUrl?: string | ... 1 more ... | Placeholder<...>; }[]): MySqlInsertBase<...>', gave the following error.
    Object literal may only specify known properties, and 'pageId' does not exist in type '{ name: string | SQL<unknown> | Placeholder<string, any>; tenantId: number | SQL<unknown> | Placeholder<string, any>; pageId: string | SQL<unknown> | Placeholder<...>; ... 5 more ...; pictureUrl?: string | ... 1 more ... | Placeholder<...>; }[]'.
server/routers/gamification.ts(20,47): error TS2769: No overload matches this call.
  Overload 1 of 2, '(value: { type: string | SQL<unknown> | Placeholder<string, any>; tenantId: number | SQL<unknown> | Placeholder<string, any>; userId: number | SQL<unknown> | Placeholder<...>; id?: number | ... 1 more ... | Placeholder<...>; metadata?: unknown; unlockedAt?: SQL<...> | ... 1 more ... | Placeholder<...>; }): MySqlInsertBase<...>', gave the following error.
    Argument of type '{ userId: number; type: string; metadata: any; }' is not assignable to parameter of type '{ type: string | SQL<unknown> | Placeholder<string, any>; tenantId: number | SQL<unknown> | Placeholder<string, any>; userId: number | SQL<unknown> | Placeholder<...>; id?: number | ... 1 more ... | Placeholder<...>; metadata?: unknown; unlockedAt?: SQL<...> | ... 1 more ... | Placeholder<...>; }'.
      Property 'tenantId' is missing in type '{ userId: number; type: string; metadata: any; }' but required in type '{ type: string | SQL<unknown> | Placeholder<string, any>; tenantId: number | SQL<unknown> | Placeholder<string, any>; userId: number | SQL<unknown> | Placeholder<...>; id?: number | ... 1 more ... | Placeholder<...>; metadata?: unknown; unlockedAt?: SQL<...> | ... 1 more ... | Placeholder<...>; }'.
  Overload 2 of 2, '(values: { type: string | SQL<unknown> | Placeholder<string, any>; tenantId: number | SQL<unknown> | Placeholder<string, any>; userId: number | SQL<unknown> | Placeholder<...>; id?: number | ... 1 more ... | Placeholder<...>; metadata?: unknown; unlockedAt?: SQL<...> | ... 1 more ... | Placeholder<...>; }[]): MySqlInsertBase<...>', gave the following error.
    Object literal may only specify known properties, and 'userId' does not exist in type '{ type: string | SQL<unknown> | Placeholder<string, any>; tenantId: number | SQL<unknown> | Placeholder<string, any>; userId: number | SQL<unknown> | Placeholder<...>; id?: number | ... 1 more ... | Placeholder<...>; metadata?: unknown; unlockedAt?: SQL<...> | ... 1 more ... | Placeholder<...>; }[]'.
server/routers/gamification.ts(47,40): error TS2769: No overload matches this call.
  Overload 1 of 2, '(value: { type: SQL<unknown> | "sales_amount" | "deals_closed" | "leads_created" | "messages_sent" | Placeholder<string, any>; tenantId: number | SQL<unknown> | Placeholder<string, any>; ... 8 more ...; period?: SQL<...> | ... 3 more ... | Placeholder<...>; }): MySqlInsertBase<...>', gave the following error.
    Argument of type '{ userId: number; type: "sales_amount" | "deals_closed" | "leads_created" | "messages_sent"; targetAmount: number; period: "daily" | "weekly" | "monthly"; startDate: Date; endDate: Date; }' is not assignable to parameter of type '{ type: SQL<unknown> | "sales_amount" | "deals_closed" | "leads_created" | "messages_sent" | Placeholder<string, any>; tenantId: number | SQL<unknown> | Placeholder<string, any>; ... 8 more ...; period?: SQL<...> | ... 3 more ... | Placeholder<...>; }'.
      Property 'tenantId' is missing in type '{ userId: number; type: "sales_amount" | "deals_closed" | "leads_created" | "messages_sent"; targetAmount: number; period: "daily" | "weekly" | "monthly"; startDate: Date; endDate: Date; }' but required in type '{ type: SQL<unknown> | "sales_amount" | "deals_closed" | "leads_created" | "messages_sent" | Placeholder<string, any>; tenantId: number | SQL<unknown> | Placeholder<string, any>; ... 8 more ...; period?: SQL<...> | ... 3 more ... | Placeholder<...>; }'.
  Overload 2 of 2, '(values: { type: SQL<unknown> | "sales_amount" | "deals_closed" | "leads_created" | "messages_sent" | Placeholder<string, any>; tenantId: number | SQL<unknown> | Placeholder<string, any>; ... 8 more ...; period?: SQL<...> | ... 3 more ... | Placeholder<...>; }[]): MySqlInsertBase<...>', gave the following error.
    Object literal may only specify known properties, and 'userId' does not exist in type '{ type: SQL<unknown> | "sales_amount" | "deals_closed" | "leads_created" | "messages_sent" | Placeholder<string, any>; tenantId: number | SQL<unknown> | Placeholder<string, any>; ... 8 more ...; period?: SQL<...> | ... 3 more ... | Placeholder<...>; }[]'.
server/routers/helpdesk.ts(24,50): error TS2769: No overload matches this call.
  Overload 1 of 2, '(value: { name: string | SQL<unknown> | Placeholder<string, any>; color: string | SQL<unknown> | Placeholder<string, any>; tenantId: number | SQL<unknown> | Placeholder<...>; id?: number | ... 1 more ... | Placeholder<...>; createdAt?: SQL<...> | ... 1 more ... | Placeholder<...>; updatedAt?: SQL<...> | ... 1 more ... | Placeholder<...>; greetingMessage?: string | ... 1 more ... | Placeholder<...>; }): MySqlInsertBase<...>', gave the following error.
    Argument of type '{ name: string; color: string; greetingMessage: string; }' is not assignable to parameter of type '{ name: string | SQL<unknown> | Placeholder<string, any>; color: string | SQL<unknown> | Placeholder<string, any>; tenantId: number | SQL<unknown> | Placeholder<string, any>; id?: number | ... 1 more ... | Placeholder<...>; createdAt?: SQL<...> | ... 1 more ... | Placeholder<...>; updatedAt?: SQL<...> | ... 1 more ....'.
      Property 'tenantId' is missing in type '{ name: string; color: string; greetingMessage: string; }' but required in type '{ name: string | SQL<unknown> | Placeholder<string, any>; color: string | SQL<unknown> | Placeholder<string, any>; tenantId: number | SQL<unknown> | Placeholder<string, any>; id?: number | ... 1 more ... | Placeholder<...>; createdAt?: SQL<...> | ... 1 more ... | Placeholder<...>; updatedAt?: SQL<...> | ... 1 more ....'.
  Overload 2 of 2, '(values: { name: string | SQL<unknown> | Placeholder<string, any>; color: string | SQL<unknown> | Placeholder<string, any>; tenantId: number | SQL<unknown> | Placeholder<...>; id?: number | ... 1 more ... | Placeholder<...>; createdAt?: SQL<...> | ... 1 more ... | Placeholder<...>; updatedAt?: SQL<...> | ... 1 more ... | Placeholder<...>; greetingMessage?: string | ... 1 more ... | Placeholder<...>; }[]): MySqlInsertBase<...>', gave the following error.
    Object literal may only specify known properties, and 'name' does not exist in type '{ name: string | SQL<unknown> | Placeholder<string, any>; color: string | SQL<unknown> | Placeholder<string, any>; tenantId: number | SQL<unknown> | Placeholder<string, any>; id?: number | ... 1 more ... | Placeholder<...>; createdAt?: SQL<...> | ... 1 more ... | Placeholder<...>; updatedAt?: SQL<...> | ... 1 more ....'.
server/routers/helpdesk.ts(93,11): error TS2769: No overload matches this call.
  Overload 1 of 2, '(value: { tenantId: number | SQL<unknown> | Placeholder<string, any>; userId: number | SQL<unknown> | Placeholder<string, any>; queueId: number | SQL<unknown> | Placeholder<...>; id?: number | ... 1 more ... | Placeholder<...>; createdAt?: SQL<...> | ... 1 more ... | Placeholder<...>; }): MySqlInsertBase<...>', gave the following error.
    Argument of type '{ queueId: number; userId: number; }[]' is not assignable to parameter of type '{ tenantId: number | SQL<unknown> | Placeholder<string, any>; userId: number | SQL<unknown> | Placeholder<string, any>; queueId: number | SQL<unknown> | Placeholder<...>; id?: number | ... 1 more ... | Placeholder<...>; createdAt?: SQL<...> | ... 1 more ... | Placeholder<...>; }'.
      Type '{ queueId: number; userId: number; }[]' is missing the following properties from type '{ tenantId: number | SQL<unknown> | Placeholder<string, any>; userId: number | SQL<unknown> | Placeholder<string, any>; queueId: number | SQL<unknown> | Placeholder<...>; id?: number | ... 1 more ... | Placeholder<...>; createdAt?: SQL<...> | ... 1 more ... | Placeholder<...>; }': tenantId, userId, queueId
  Overload 2 of 2, '(values: { tenantId: number | SQL<unknown> | Placeholder<string, any>; userId: number | SQL<unknown> | Placeholder<string, any>; queueId: number | SQL<unknown> | Placeholder<...>; id?: number | ... 1 more ... | Placeholder<...>; createdAt?: SQL<...> | ... 1 more ... | Placeholder<...>; }[]): MySqlInsertBase<...>', gave the following error.
    Argument of type '{ queueId: number; userId: number; }[]' is not assignable to parameter of type '{ tenantId: number | SQL<unknown> | Placeholder<string, any>; userId: number | SQL<unknown> | Placeholder<string, any>; queueId: number | SQL<unknown> | Placeholder<...>; id?: number | ... 1 more ... | Placeholder<...>; createdAt?: SQL<...> | ... 1 more ... | Placeholder<...>; }[]'.
      Property 'tenantId' is missing in type '{ queueId: number; userId: number; }' but required in type '{ tenantId: number | SQL<unknown> | Placeholder<string, any>; userId: number | SQL<unknown> | Placeholder<string, any>; queueId: number | SQL<unknown> | Placeholder<...>; id?: number | ... 1 more ... | Placeholder<...>; createdAt?: SQL<...> | ... 1 more ... | Placeholder<...>; }'.
server/routers/helpdesk.ts(230,49): error TS2769: No overload matches this call.
  Overload 1 of 2, '(value: { tenantId: number | SQL<unknown> | Placeholder<string, any>; message: string | SQL<unknown> | Placeholder<string, any>; shortcut: string | SQL<unknown> | Placeholder<...>; id?: number | ... 1 more ... | Placeholder<...>; createdAt?: SQL<...> | ... 1 more ... | Placeholder<...>; updatedAt?: SQL<...> | ... 1 more ... | Placeholder<...>; attachments?: SQL<...> | ... 1 more ... | Placeholder<...>; }): MySqlInsertBase<...>', gave the following error.
    Argument of type '{ shortcut: string; message: string; attachments: { url: string; name: string; type: string; }[]; }' is not assignable to parameter of type '{ tenantId: number | SQL<unknown> | Placeholder<string, any>; message: string | SQL<unknown> | Placeholder<string, any>; shortcut: string | SQL<unknown> | Placeholder<...>; id?: number | ... 1 more ... | Placeholder<...>; createdAt?: SQL<...> | ... 1 more ... | Placeholder<...>; updatedAt?: SQL<...> | ... 1 more ......'.
      Property 'tenantId' is missing in type '{ shortcut: string; message: string; attachments: { url: string; name: string; type: string; }[]; }' but required in type '{ tenantId: number | SQL<unknown> | Placeholder<string, any>; message: string | SQL<unknown> | Placeholder<string, any>; shortcut: string | SQL<unknown> | Placeholder<...>; id?: number | ... 1 more ... | Placeholder<...>; createdAt?: SQL<...> | ... 1 more ... | Placeholder<...>; updatedAt?: SQL<...> | ... 1 more ......'.
  Overload 2 of 2, '(values: { tenantId: number | SQL<unknown> | Placeholder<string, any>; message: string | SQL<unknown> | Placeholder<string, any>; shortcut: string | SQL<unknown> | Placeholder<...>; id?: number | ... 1 more ... | Placeholder<...>; createdAt?: SQL<...> | ... 1 more ... | Placeholder<...>; updatedAt?: SQL<...> | ... 1 more ... | Placeholder<...>; attachments?: SQL<...> | ... 1 more ... | Placeholder<...>; }[]): MySqlInsertBase<...>', gave the following error.
    Object literal may only specify known properties, and 'shortcut' does not exist in type '{ tenantId: number | SQL<unknown> | Placeholder<string, any>; message: string | SQL<unknown> | Placeholder<string, any>; shortcut: string | SQL<unknown> | Placeholder<...>; id?: number | ... 1 more ... | Placeholder<...>; createdAt?: SQL<...> | ... 1 more ... | Placeholder<...>; updatedAt?: SQL<...> | ... 1 more ......'.
server/routers/integrations.ts(46,58): error TS2769: No overload matches this call.
  Overload 1 of 2, '(value: { name: string | SQL<unknown> | Placeholder<string, any>; type: SQL<unknown> | "n8n" | "chatwoot" | "zapier" | "webhook" | Placeholder<string, any>; ... 9 more ...; lastTriggeredAt?: SQL<...> | ... 1 more ... | Placeholder<...>; }): MySqlInsertBase<...>', gave the following error.
    Argument of type '{ events: string[]; createdById: number; isActive: true; name: string; type: "n8n" | "chatwoot" | "zapier" | "webhook"; webhookUrl: string; whatsappNumberId: number; }' is not assignable to parameter of type '{ name: string | SQL<unknown> | Placeholder<string, any>; type: SQL<unknown> | "n8n" | "chatwoot" | "zapier" | "webhook" | Placeholder<string, any>; tenantId: number | ... 1 more ... | Placeholder<...>; ... 8 more ...; lastTriggeredAt?: SQL<...> | ... 1 more ... | Placeholder<...>; }'.
      Property 'tenantId' is missing in type '{ events: string[]; createdById: number; isActive: true; name: string; type: "n8n" | "chatwoot" | "zapier" | "webhook"; webhookUrl: string; whatsappNumberId: number; }' but required in type '{ name: string | SQL<unknown> | Placeholder<string, any>; type: SQL<unknown> | "n8n" | "chatwoot" | "zapier" | "webhook" | Placeholder<string, any>; tenantId: number | ... 1 more ... | Placeholder<...>; ... 8 more ...; lastTriggeredAt?: SQL<...> | ... 1 more ... | Placeholder<...>; }'.
  Overload 2 of 2, '(values: { name: string | SQL<unknown> | Placeholder<string, any>; type: SQL<unknown> | "n8n" | "chatwoot" | "zapier" | "webhook" | Placeholder<string, any>; ... 9 more ...; lastTriggeredAt?: SQL<...> | ... 1 more ... | Placeholder<...>; }[]): MySqlInsertBase<...>', gave the following error.
    Object literal may only specify known properties, and 'events' does not exist in type '{ name: string | SQL<unknown> | Placeholder<string, any>; type: SQL<unknown> | "n8n" | "chatwoot" | "zapier" | "webhook" | Placeholder<string, any>; tenantId: number | ... 1 more ... | Placeholder<...>; ... 8 more ...; lastTriggeredAt?: SQL<...> | ... 1 more ... | Placeholder<...>; }[]'.
server/routers/internal-chat.ts(22,47): error TS2769: No overload matches this call.
  Overload 1 of 2, '(value: { content: string | SQL<unknown> | Placeholder<string, any>; tenantId: number | SQL<unknown> | Placeholder<string, any>; senderId: number | SQL<unknown> | Placeholder<...>; ... 4 more ...; isRead?: boolean | ... 1 more ... | Placeholder<...>; }): MySqlInsertBase<...>', gave the following error.
    Argument of type '{ senderId: number; recipientId: number; content: string; attachments: { type: "video" | "image" | "file"; url: string; name: string; }[]; }' is not assignable to parameter of type '{ content: string | SQL<unknown> | Placeholder<string, any>; tenantId: number | SQL<unknown> | Placeholder<string, any>; senderId: number | SQL<unknown> | Placeholder<...>; ... 4 more ...; isRead?: boolean | ... 1 more ... | Placeholder<...>; }'.
      Property 'tenantId' is missing in type '{ senderId: number; recipientId: number; content: string; attachments: { type: "video" | "image" | "file"; url: string; name: string; }[]; }' but required in type '{ content: string | SQL<unknown> | Placeholder<string, any>; tenantId: number | SQL<unknown> | Placeholder<string, any>; senderId: number | SQL<unknown> | Placeholder<...>; ... 4 more ...; isRead?: boolean | ... 1 more ... | Placeholder<...>; }'.
  Overload 2 of 2, '(values: { content: string | SQL<unknown> | Placeholder<string, any>; tenantId: number | SQL<unknown> | Placeholder<string, any>; senderId: number | SQL<unknown> | Placeholder<...>; ... 4 more ...; isRead?: boolean | ... 1 more ... | Placeholder<...>; }[]): MySqlInsertBase<...>', gave the following error.
    Object literal may only specify known properties, and 'senderId' does not exist in type '{ content: string | SQL<unknown> | Placeholder<string, any>; tenantId: number | SQL<unknown> | Placeholder<string, any>; senderId: number | SQL<unknown> | Placeholder<...>; ... 4 more ...; isRead?: boolean | ... 1 more ... | Placeholder<...>; }[]'.
server/routers/lead-reminders.ts(76,59): error TS2769: No overload matches this call.
  Overload 1 of 2, '(value: { tenantId: number | SQL<unknown> | Placeholder<string, any>; message: string | SQL<unknown> | Placeholder<string, any>; scheduledAt: SQL<unknown> | Date | Placeholder<...>; ... 19 more ...; parentReminderId?: number | ... 1 more ... | Placeholder<...>; }): MySqlInsertBase<...>', gave the following error.
    Argument of type '{ leadId: number; conversationId: number; createdById: number; scheduledAt: Date; timezone: string; message: string; messageType: "template" | "image" | "text" | "document"; mediaUrl: string; ... 5 more ...; status: "scheduled"; }' is not assignable to parameter of type '{ tenantId: number | SQL<unknown> | Placeholder<string, any>; message: string | SQL<unknown> | Placeholder<string, any>; scheduledAt: SQL<unknown> | Date | Placeholder<...>; ... 19 more ...; parentReminderId?: number | ... 1 more ... | Placeholder<...>; }'.
      Property 'tenantId' is missing in type '{ leadId: number; conversationId: number; createdById: number; scheduledAt: Date; timezone: string; message: string; messageType: "template" | "image" | "text" | "document"; mediaUrl: string; ... 5 more ...; status: "scheduled"; }' but required in type '{ tenantId: number | SQL<unknown> | Placeholder<string, any>; message: string | SQL<unknown> | Placeholder<string, any>; scheduledAt: SQL<unknown> | Date | Placeholder<...>; ... 19 more ...; parentReminderId?: number | ... 1 more ... | Placeholder<...>; }'.
  Overload 2 of 2, '(values: { tenantId: number | SQL<unknown> | Placeholder<string, any>; message: string | SQL<unknown> | Placeholder<string, any>; scheduledAt: SQL<unknown> | Date | Placeholder<...>; ... 19 more ...; parentReminderId?: number | ... 1 more ... | Placeholder<...>; }[]): MySqlInsertBase<...>', gave the following error.
    Object literal may only specify known properties, and 'leadId' does not exist in type '{ tenantId: number | SQL<unknown> | Placeholder<string, any>; message: string | SQL<unknown> | Placeholder<string, any>; scheduledAt: SQL<unknown> | Date | Placeholder<...>; ... 19 more ...; parentReminderId?: number | ... 1 more ... | Placeholder<...>; }[]'.
server/routers/leads.ts(153,55): error TS2769: No overload matches this call.
  Overload 1 of 2, '(value: { name: string | SQL<unknown> | Placeholder<string, any>; tenantId: number | SQL<unknown> | Placeholder<string, any>; country: string | SQL<unknown> | Placeholder<...>; ... 17 more ...; lastContactedAt?: SQL<...> | ... 1 more ... | Placeholder<...>; }): MySqlInsertBase<...>', gave the following error.
    Argument of type '{ email: string; value: string; commission: "10000.00" | "5000.00"; assignedToId: number; whatsappNumberId: any; pipelineStageId: any; kanbanOrder: any; createdAt: Date; updatedAt: Date; ... 5 more ...; customFields?: Record<...>; }' is not assignable to parameter of type '{ name: string | SQL<unknown> | Placeholder<string, any>; tenantId: number | SQL<unknown> | Placeholder<string, any>; country: string | SQL<unknown> | Placeholder<...>; ... 17 more ...; lastContactedAt?: SQL<...> | ... 1 more ... | Placeholder<...>; }'.
      Property 'tenantId' is missing in type '{ email: string; value: string; commission: "10000.00" | "5000.00"; assignedToId: number; whatsappNumberId: any; pipelineStageId: any; kanbanOrder: any; createdAt: Date; updatedAt: Date; ... 5 more ...; customFields?: Record<...>; }' but required in type '{ name: string | SQL<unknown> | Placeholder<string, any>; tenantId: number | SQL<unknown> | Placeholder<string, any>; country: string | SQL<unknown> | Placeholder<...>; ... 17 more ...; lastContactedAt?: SQL<...> | ... 1 more ... | Placeholder<...>; }'.
  Overload 2 of 2, '(values: { name: string | SQL<unknown> | Placeholder<string, any>; tenantId: number | SQL<unknown> | Placeholder<string, any>; country: string | SQL<unknown> | Placeholder<...>; ... 17 more ...; lastContactedAt?: SQL<...> | ... 1 more ... | Placeholder<...>; }[]): MySqlInsertBase<...>', gave the following error.
    Object literal may only specify known properties, and 'email' does not exist in type '{ name: string | SQL<unknown> | Placeholder<string, any>; tenantId: number | SQL<unknown> | Placeholder<string, any>; country: string | SQL<unknown> | Placeholder<...>; ... 17 more ...; lastContactedAt?: SQL<...> | ... 1 more ... | Placeholder<...>; }[]'.
server/routers/licensing.ts(123,42): error TS2769: No overload matches this call.
  Overload 1 of 2, '(value: { key: string | SQL<unknown> | Placeholder<string, any>; tenantId: number | SQL<unknown> | Placeholder<string, any>; id?: number | SQL<unknown> | Placeholder<string, any>; ... 9 more ...; features?: string[] | ... 1 more ... | Placeholder<...>; }): MySqlInsertBase<...>', gave the following error.
    Argument of type '{ key: string; status: "active" | "canceled" | "expired" | "trial"; plan: string; expiresAt: Date; maxUsers: number; maxWhatsappNumbers: number; maxMessagesPerMonth: number; features: string[]; }' is not assignable to parameter of type '{ key: string | SQL<unknown> | Placeholder<string, any>; tenantId: number | SQL<unknown> | Placeholder<string, any>; id?: number | SQL<unknown> | Placeholder<string, any>; ... 9 more ...; features?: string[] | ... 1 more ... | Placeholder<...>; }'.
      Property 'tenantId' is missing in type '{ key: string; status: "active" | "canceled" | "expired" | "trial"; plan: string; expiresAt: Date; maxUsers: number; maxWhatsappNumbers: number; maxMessagesPerMonth: number; features: string[]; }' but required in type '{ key: string | SQL<unknown> | Placeholder<string, any>; tenantId: number | SQL<unknown> | Placeholder<string, any>; id?: number | SQL<unknown> | Placeholder<string, any>; ... 9 more ...; features?: string[] | ... 1 more ... | Placeholder<...>; }'.
  Overload 2 of 2, '(values: { key: string | SQL<unknown> | Placeholder<string, any>; tenantId: number | SQL<unknown> | Placeholder<string, any>; id?: number | SQL<unknown> | Placeholder<string, any>; ... 9 more ...; features?: string[] | ... 1 more ... | Placeholder<...>; }[]): MySqlInsertBase<...>', gave the following error.
    Object literal may only specify known properties, but 'key' does not exist in type '{ key: string | SQL<unknown> | Placeholder<string, any>; tenantId: number | SQL<unknown> | Placeholder<string, any>; id?: number | SQL<unknown> | Placeholder<string, any>; ... 9 more ...; features?: string[] | ... 1 more ... | Placeholder<...>; }[]'. Did you mean to write 'keys'?
server/routers/licensing.ts(188,48): error TS2769: No overload matches this call.
  Overload 1 of 2, '(value: { tenantId: number | SQL<unknown> | Placeholder<string, any>; year: number | SQL<unknown> | Placeholder<string, any>; month: number | SQL<unknown> | Placeholder<...>; ... 6 more ...; activeWhatsappNumbers?: number | ... 1 more ... | Placeholder<...>; }): MySqlInsertBase<...>', gave the following error.
    Argument of type '{ year: number; month: number; messagesSent: number; messagesReceived: number; }' is not assignable to parameter of type '{ tenantId: number | SQL<unknown> | Placeholder<string, any>; year: number | SQL<unknown> | Placeholder<string, any>; month: number | SQL<unknown> | Placeholder<string, any>; ... 6 more ...; activeWhatsappNumbers?: number | ... 1 more ... | Placeholder<...>; }'.
      Property 'tenantId' is missing in type '{ year: number; month: number; messagesSent: number; messagesReceived: number; }' but required in type '{ tenantId: number | SQL<unknown> | Placeholder<string, any>; year: number | SQL<unknown> | Placeholder<string, any>; month: number | SQL<unknown> | Placeholder<string, any>; ... 6 more ...; activeWhatsappNumbers?: number | ... 1 more ... | Placeholder<...>; }'.
  Overload 2 of 2, '(values: { tenantId: number | SQL<unknown> | Placeholder<string, any>; year: number | SQL<unknown> | Placeholder<string, any>; month: number | SQL<unknown> | Placeholder<...>; ... 6 more ...; activeWhatsappNumbers?: number | ... 1 more ... | Placeholder<...>; }[]): MySqlInsertBase<...>', gave the following error.
    Object literal may only specify known properties, and 'year' does not exist in type '{ tenantId: number | SQL<unknown> | Placeholder<string, any>; year: number | SQL<unknown> | Placeholder<string, any>; month: number | SQL<unknown> | Placeholder<string, any>; ... 6 more ...; activeWhatsappNumbers?: number | ... 1 more ... | Placeholder<...>; }[]'.
server/routers/notes-tasks.ts(40,55): error TS2769: No overload matches this call.
  Overload 1 of 2, '(value: { content: string | SQL<unknown> | Placeholder<string, any>; tenantId: number | SQL<unknown> | Placeholder<string, any>; leadId: number | SQL<unknown> | Placeholder<...>; id?: number | ... 1 more ... | Placeholder<...>; createdAt?: SQL<...> | ... 1 more ... | Placeholder<...>; updatedAt?: SQL<...> | ... 1 more ... | Placeholder<...>; createdById?: number | ... 1 more ... | Placeholder<...>; }): MySqlInsertBase<...>', gave the following error.
    Argument of type '{ leadId: number; content: string; createdById: number; }' is not assignable to parameter of type '{ content: string | SQL<unknown> | Placeholder<string, any>; tenantId: number | SQL<unknown> | Placeholder<string, any>; leadId: number | SQL<unknown> | Placeholder<...>; id?: number | ... 1 more ... | Placeholder<...>; createdAt?: SQL<...> | ... 1 more ... | Placeholder<...>; updatedAt?: SQL<...> | ... 1 more ... |...'.
      Property 'tenantId' is missing in type '{ leadId: number; content: string; createdById: number; }' but required in type '{ content: string | SQL<unknown> | Placeholder<string, any>; tenantId: number | SQL<unknown> | Placeholder<string, any>; leadId: number | SQL<unknown> | Placeholder<...>; id?: number | ... 1 more ... | Placeholder<...>; createdAt?: SQL<...> | ... 1 more ... | Placeholder<...>; updatedAt?: SQL<...> | ... 1 more ... |...'.
  Overload 2 of 2, '(values: { content: string | SQL<unknown> | Placeholder<string, any>; tenantId: number | SQL<unknown> | Placeholder<string, any>; leadId: number | SQL<unknown> | Placeholder<...>; id?: number | ... 1 more ... | Placeholder<...>; createdAt?: SQL<...> | ... 1 more ... | Placeholder<...>; updatedAt?: SQL<...> | ... 1 more ... | Placeholder<...>; createdById?: number | ... 1 more ... | Placeholder<...>; }[]): MySqlInsertBase<...>', gave the following error.
    Object literal may only specify known properties, and 'leadId' does not exist in type '{ content: string | SQL<unknown> | Placeholder<string, any>; tenantId: number | SQL<unknown> | Placeholder<string, any>; leadId: number | SQL<unknown> | Placeholder<...>; id?: number | ... 1 more ... | Placeholder<...>; createdAt?: SQL<...> | ... 1 more ... | Placeholder<...>; updatedAt?: SQL<...> | ... 1 more ... |...'.
server/routers/notes-tasks.ts(137,55): error TS2769: No overload matches this call.
  Overload 1 of 2, '(value: { title: string | SQL<unknown> | Placeholder<string, any>; tenantId: number | SQL<unknown> | Placeholder<string, any>; leadId: number | SQL<unknown> | Placeholder<...>; ... 9 more ...; dueDate?: SQL<...> | ... 1 more ... | Placeholder<...>; }): MySqlInsertBase<...>', gave the following error.
    Argument of type '{ leadId: number; title: string; description: string; dueDate: Date; priority: "low" | "medium" | "high"; assignedToId: number; createdById: number; }' is not assignable to parameter of type '{ title: string | SQL<unknown> | Placeholder<string, any>; tenantId: number | SQL<unknown> | Placeholder<string, any>; leadId: number | SQL<unknown> | Placeholder<...>; ... 9 more ...; dueDate?: SQL<...> | ... 1 more ... | Placeholder<...>; }'.
      Property 'tenantId' is missing in type '{ leadId: number; title: string; description: string; dueDate: Date; priority: "low" | "medium" | "high"; assignedToId: number; createdById: number; }' but required in type '{ title: string | SQL<unknown> | Placeholder<string, any>; tenantId: number | SQL<unknown> | Placeholder<string, any>; leadId: number | SQL<unknown> | Placeholder<...>; ... 9 more ...; dueDate?: SQL<...> | ... 1 more ... | Placeholder<...>; }'.
  Overload 2 of 2, '(values: { title: string | SQL<unknown> | Placeholder<string, any>; tenantId: number | SQL<unknown> | Placeholder<string, any>; leadId: number | SQL<unknown> | Placeholder<...>; ... 9 more ...; dueDate?: SQL<...> | ... 1 more ... | Placeholder<...>; }[]): MySqlInsertBase<...>', gave the following error.
    Object literal may only specify known properties, and 'leadId' does not exist in type '{ title: string | SQL<unknown> | Placeholder<string, any>; tenantId: number | SQL<unknown> | Placeholder<string, any>; leadId: number | SQL<unknown> | Placeholder<...>; ... 9 more ...; dueDate?: SQL<...> | ... 1 more ... | Placeholder<...>; }[]'.
server/routers/pipelines.ts(16,55): error TS2769: No overload matches this call.
  Overload 1 of 2, '(value: { name: string | SQL<unknown> | Placeholder<string, any>; tenantId: number | SQL<unknown> | Placeholder<string, any>; id?: number | SQL<unknown> | Placeholder<string, any>; createdAt?: SQL<...> | ... 1 more ... | Placeholder<...>; updatedAt?: SQL<...> | ... 1 more ... | Placeholder<...>; isDefault?: boolean | ... 1 more ... | Placeholder<...>; }): MySqlInsertBase<...>', gave the following error.
    Argument of type '{ name: string; isDefault: true; }' is not assignable to parameter of type '{ name: string | SQL<unknown> | Placeholder<string, any>; tenantId: number | SQL<unknown> | Placeholder<string, any>; id?: number | SQL<unknown> | Placeholder<string, any>; createdAt?: SQL<...> | ... 1 more ... | Placeholder<...>; updatedAt?: SQL<...> | ... 1 more ... | Placeholder<...>; isDefault?: boolean | ... 1 ...'.
      Property 'tenantId' is missing in type '{ name: string; isDefault: true; }' but required in type '{ name: string | SQL<unknown> | Placeholder<string, any>; tenantId: number | SQL<unknown> | Placeholder<string, any>; id?: number | SQL<unknown> | Placeholder<string, any>; createdAt?: SQL<...> | ... 1 more ... | Placeholder<...>; updatedAt?: SQL<...> | ... 1 more ... | Placeholder<...>; isDefault?: boolean | ... 1 ...'.
  Overload 2 of 2, '(values: { name: string | SQL<unknown> | Placeholder<string, any>; tenantId: number | SQL<unknown> | Placeholder<string, any>; id?: number | SQL<unknown> | Placeholder<string, any>; createdAt?: SQL<...> | ... 1 more ... | Placeholder<...>; updatedAt?: SQL<...> | ... 1 more ... | Placeholder<...>; isDefault?: boolean | ... 1 more ... | Placeholder<...>; }[]): MySqlInsertBase<...>', gave the following error.
    Object literal may only specify known properties, and 'name' does not exist in type '{ name: string | SQL<unknown> | Placeholder<string, any>; tenantId: number | SQL<unknown> | Placeholder<string, any>; id?: number | SQL<unknown> | Placeholder<string, any>; createdAt?: SQL<...> | ... 1 more ... | Placeholder<...>; updatedAt?: SQL<...> | ... 1 more ... | Placeholder<...>; isDefault?: boolean | ... 1 ...'.
server/routers/pipelines.ts(33,49): error TS2769: No overload matches this call.
  Overload 1 of 2, '(value: { name: string | SQL<unknown> | Placeholder<string, any>; tenantId: number | SQL<unknown> | Placeholder<string, any>; pipelineId: number | SQL<unknown> | Placeholder<...>; ... 5 more ...; updatedAt?: SQL<...> | ... 1 more ... | Placeholder<...>; }): MySqlInsertBase<...>', gave the following error.
    Argument of type '{ pipelineId: number; name: string; color: string; type: any; order: number; }' is not assignable to parameter of type '{ name: string | SQL<unknown> | Placeholder<string, any>; tenantId: number | SQL<unknown> | Placeholder<string, any>; pipelineId: number | SQL<unknown> | Placeholder<...>; ... 5 more ...; updatedAt?: SQL<...> | ... 1 more ... | Placeholder<...>; }'.
      Property 'tenantId' is missing in type '{ pipelineId: number; name: string; color: string; type: any; order: number; }' but required in type '{ name: string | SQL<unknown> | Placeholder<string, any>; tenantId: number | SQL<unknown> | Placeholder<string, any>; pipelineId: number | SQL<unknown> | Placeholder<...>; ... 5 more ...; updatedAt?: SQL<...> | ... 1 more ... | Placeholder<...>; }'.
  Overload 2 of 2, '(values: { name: string | SQL<unknown> | Placeholder<string, any>; tenantId: number | SQL<unknown> | Placeholder<string, any>; pipelineId: number | SQL<unknown> | Placeholder<...>; ... 5 more ...; updatedAt?: SQL<...> | ... 1 more ... | Placeholder<...>; }[]): MySqlInsertBase<...>', gave the following error.
    Object literal may only specify known properties, and 'pipelineId' does not exist in type '{ name: string | SQL<unknown> | Placeholder<string, any>; tenantId: number | SQL<unknown> | Placeholder<string, any>; pipelineId: number | SQL<unknown> | Placeholder<...>; ... 5 more ...; updatedAt?: SQL<...> | ... 1 more ... | Placeholder<...>; }[]'.
server/routers/pipelines.ts(59,55): error TS2769: No overload matches this call.
  Overload 1 of 2, '(value: { name: string | SQL<unknown> | Placeholder<string, any>; tenantId: number | SQL<unknown> | Placeholder<string, any>; id?: number | SQL<unknown> | Placeholder<string, any>; createdAt?: SQL<...> | ... 1 more ... | Placeholder<...>; updatedAt?: SQL<...> | ... 1 more ... | Placeholder<...>; isDefault?: boolean | ... 1 more ... | Placeholder<...>; }): MySqlInsertBase<...>', gave the following error.
    Argument of type '{ name: string; }' is not assignable to parameter of type '{ name: string | SQL<unknown> | Placeholder<string, any>; tenantId: number | SQL<unknown> | Placeholder<string, any>; id?: number | SQL<unknown> | Placeholder<string, any>; createdAt?: SQL<...> | ... 1 more ... | Placeholder<...>; updatedAt?: SQL<...> | ... 1 more ... | Placeholder<...>; isDefault?: boolean | ... 1 ...'.
      Property 'tenantId' is missing in type '{ name: string; }' but required in type '{ name: string | SQL<unknown> | Placeholder<string, any>; tenantId: number | SQL<unknown> | Placeholder<string, any>; id?: number | SQL<unknown> | Placeholder<string, any>; createdAt?: SQL<...> | ... 1 more ... | Placeholder<...>; updatedAt?: SQL<...> | ... 1 more ... | Placeholder<...>; isDefault?: boolean | ... 1 ...'.
  Overload 2 of 2, '(values: { name: string | SQL<unknown> | Placeholder<string, any>; tenantId: number | SQL<unknown> | Placeholder<string, any>; id?: number | SQL<unknown> | Placeholder<string, any>; createdAt?: SQL<...> | ... 1 more ... | Placeholder<...>; updatedAt?: SQL<...> | ... 1 more ... | Placeholder<...>; isDefault?: boolean | ... 1 more ... | Placeholder<...>; }[]): MySqlInsertBase<...>', gave the following error.
    Object literal may only specify known properties, and 'name' does not exist in type '{ name: string | SQL<unknown> | Placeholder<string, any>; tenantId: number | SQL<unknown> | Placeholder<string, any>; id?: number | SQL<unknown> | Placeholder<string, any>; createdAt?: SQL<...> | ... 1 more ... | Placeholder<...>; updatedAt?: SQL<...> | ... 1 more ... | Placeholder<...>; isDefault?: boolean | ... 1 ...'.
server/routers/pipelines.ts(71,49): error TS2769: No overload matches this call.
  Overload 1 of 2, '(value: { name: string | SQL<unknown> | Placeholder<string, any>; tenantId: number | SQL<unknown> | Placeholder<string, any>; pipelineId: number | SQL<unknown> | Placeholder<...>; ... 5 more ...; updatedAt?: SQL<...> | ... 1 more ... | Placeholder<...>; }): MySqlInsertBase<...>', gave the following error.
    Argument of type '{ pipelineId: number; name: string; color: string; type: any; order: number; }' is not assignable to parameter of type '{ name: string | SQL<unknown> | Placeholder<string, any>; tenantId: number | SQL<unknown> | Placeholder<string, any>; pipelineId: number | SQL<unknown> | Placeholder<...>; ... 5 more ...; updatedAt?: SQL<...> | ... 1 more ... | Placeholder<...>; }'.
      Property 'tenantId' is missing in type '{ pipelineId: number; name: string; color: string; type: any; order: number; }' but required in type '{ name: string | SQL<unknown> | Placeholder<string, any>; tenantId: number | SQL<unknown> | Placeholder<string, any>; pipelineId: number | SQL<unknown> | Placeholder<...>; ... 5 more ...; updatedAt?: SQL<...> | ... 1 more ... | Placeholder<...>; }'.
  Overload 2 of 2, '(values: { name: string | SQL<unknown> | Placeholder<string, any>; tenantId: number | SQL<unknown> | Placeholder<string, any>; pipelineId: number | SQL<unknown> | Placeholder<...>; ... 5 more ...; updatedAt?: SQL<...> | ... 1 more ... | Placeholder<...>; }[]): MySqlInsertBase<...>', gave the following error.
    Object literal may only specify known properties, and 'pipelineId' does not exist in type '{ name: string | SQL<unknown> | Placeholder<string, any>; tenantId: number | SQL<unknown> | Placeholder<string, any>; pipelineId: number | SQL<unknown> | Placeholder<...>; ... 5 more ...; updatedAt?: SQL<...> | ... 1 more ... | Placeholder<...>; }[]'.
server/routers/pipelines.ts(108,52): error TS2769: No overload matches this call.
  Overload 1 of 2, '(value: { name: string | SQL<unknown> | Placeholder<string, any>; tenantId: number | SQL<unknown> | Placeholder<string, any>; pipelineId: number | SQL<unknown> | Placeholder<...>; ... 5 more ...; updatedAt?: SQL<...> | ... 1 more ... | Placeholder<...>; }): MySqlInsertBase<...>', gave the following error.
    Argument of type '{ pipelineId: number; name: string; color: string; order: number; type: "open" | "won" | "lost"; }' is not assignable to parameter of type '{ name: string | SQL<unknown> | Placeholder<string, any>; tenantId: number | SQL<unknown> | Placeholder<string, any>; pipelineId: number | SQL<unknown> | Placeholder<...>; ... 5 more ...; updatedAt?: SQL<...> | ... 1 more ... | Placeholder<...>; }'.
      Property 'tenantId' is missing in type '{ pipelineId: number; name: string; color: string; order: number; type: "open" | "won" | "lost"; }' but required in type '{ name: string | SQL<unknown> | Placeholder<string, any>; tenantId: number | SQL<unknown> | Placeholder<string, any>; pipelineId: number | SQL<unknown> | Placeholder<...>; ... 5 more ...; updatedAt?: SQL<...> | ... 1 more ... | Placeholder<...>; }'.
  Overload 2 of 2, '(values: { name: string | SQL<unknown> | Placeholder<string, any>; tenantId: number | SQL<unknown> | Placeholder<string, any>; pipelineId: number | SQL<unknown> | Placeholder<...>; ... 5 more ...; updatedAt?: SQL<...> | ... 1 more ... | Placeholder<...>; }[]): MySqlInsertBase<...>', gave the following error.
    Argument of type '{ pipelineId: number; name: string; color: string; order: number; type: "open" | "won" | "lost"; }' is not assignable to parameter of type '{ name: string | SQL<unknown> | Placeholder<string, any>; tenantId: number | SQL<unknown> | Placeholder<string, any>; pipelineId: number | SQL<unknown> | Placeholder<...>; ... 5 more ...; updatedAt?: SQL<...> | ... 1 more ... | Placeholder<...>; }[]'.
      Type '{ pipelineId: number; name: string; color: string; order: number; type: "open" | "won" | "lost"; }' is missing the following properties from type '{ name: string | SQL<unknown> | Placeholder<string, any>; tenantId: number | SQL<unknown> | Placeholder<string, any>; pipelineId: number | SQL<unknown> | Placeholder<...>; ... 5 more ...; updatedAt?: SQL<...> | ... 1 more ... | Placeholder<...>; }[]': length, pop, push, concat, and 35 more.
server/routers/scheduling.ts(68,58): error TS2769: No overload matches this call.
  Overload 1 of 2, '(value: { tenantId: number | SQL<unknown> | Placeholder<string, any>; phone: string | SQL<unknown> | Placeholder<string, any>; firstName: string | SQL<unknown> | Placeholder<...>; ... 11 more ...; reasonId?: number | ... 1 more ... | Placeholder<...>; }): MySqlInsertBase<...>', gave the following error.
    Argument of type '{ appointmentDate: Date; createdById: number; firstName: string; lastName: string; phone: string; appointmentTime: string; email?: string; reasonId?: number; notes?: string; }' is not assignable to parameter of type '{ tenantId: number | SQL<unknown> | Placeholder<string, any>; phone: string | SQL<unknown> | Placeholder<string, any>; firstName: string | SQL<unknown> | Placeholder<...>; ... 11 more ...; reasonId?: number | ... 1 more ... | Placeholder<...>; }'.
      Property 'tenantId' is missing in type '{ appointmentDate: Date; createdById: number; firstName: string; lastName: string; phone: string; appointmentTime: string; email?: string; reasonId?: number; notes?: string; }' but required in type '{ tenantId: number | SQL<unknown> | Placeholder<string, any>; phone: string | SQL<unknown> | Placeholder<string, any>; firstName: string | SQL<unknown> | Placeholder<...>; ... 11 more ...; reasonId?: number | ... 1 more ... | Placeholder<...>; }'.
  Overload 2 of 2, '(values: { tenantId: number | SQL<unknown> | Placeholder<string, any>; phone: string | SQL<unknown> | Placeholder<string, any>; firstName: string | SQL<unknown> | Placeholder<...>; ... 11 more ...; reasonId?: number | ... 1 more ... | Placeholder<...>; }[]): MySqlInsertBase<...>', gave the following error.
    Object literal may only specify known properties, and 'appointmentDate' does not exist in type '{ tenantId: number | SQL<unknown> | Placeholder<string, any>; phone: string | SQL<unknown> | Placeholder<string, any>; firstName: string | SQL<unknown> | Placeholder<...>; ... 11 more ...; reasonId?: number | ... 1 more ... | Placeholder<...>; }[]'.
server/routers/scheduling.ts(126,71): error TS2769: No overload matches this call.
  Overload 1 of 2, '(value: { name: string | SQL<unknown> | Placeholder<string, any>; tenantId: number | SQL<unknown> | Placeholder<string, any>; id?: number | SQL<unknown> | Placeholder<string, any>; color?: string | ... 1 more ... | Placeholder<...>; createdAt?: SQL<...> | ... 1 more ... | Placeholder<...>; updatedAt?: SQL<...> | ... 1 more ... | Placeholder<...>; isActive?: boolean | ... 1 more ... | Placeholder<...>; }): MySqlInsertBase<...>', gave the following error.
    Argument of type '{ name: string; color?: string; }' is not assignable to parameter of type '{ name: string | SQL<unknown> | Placeholder<string, any>; tenantId: number | SQL<unknown> | Placeholder<string, any>; id?: number | SQL<unknown> | Placeholder<string, any>; color?: string | ... 1 more ... | Placeholder<...>; createdAt?: SQL<...> | ... 1 more ... | Placeholder<...>; updatedAt?: SQL<...> | ... 1 more ...'.
      Property 'tenantId' is missing in type '{ name: string; color?: string; }' but required in type '{ name: string | SQL<unknown> | Placeholder<string, any>; tenantId: number | SQL<unknown> | Placeholder<string, any>; id?: number | SQL<unknown> | Placeholder<string, any>; color?: string | ... 1 more ... | Placeholder<...>; createdAt?: SQL<...> | ... 1 more ... | Placeholder<...>; updatedAt?: SQL<...> | ... 1 more ...'.
  Overload 2 of 2, '(values: { name: string | SQL<unknown> | Placeholder<string, any>; tenantId: number | SQL<unknown> | Placeholder<string, any>; id?: number | SQL<unknown> | Placeholder<string, any>; color?: string | ... 1 more ... | Placeholder<...>; createdAt?: SQL<...> | ... 1 more ... | Placeholder<...>; updatedAt?: SQL<...> | ... 1 more ... | Placeholder<...>; isActive?: boolean | ... 1 more ... | Placeholder<...>; }[]): MySqlInsertBase<...>', gave the following error.
    Argument of type '{ name: string; color?: string; }' is not assignable to parameter of type '{ name: string | SQL<unknown> | Placeholder<string, any>; tenantId: number | SQL<unknown> | Placeholder<string, any>; id?: number | SQL<unknown> | Placeholder<string, any>; color?: string | ... 1 more ... | Placeholder<...>; createdAt?: SQL<...> | ... 1 more ... | Placeholder<...>; updatedAt?: SQL<...> | ... 1 more ...'.
      Type '{ name: string; color?: string; }' is missing the following properties from type '{ name: string | SQL<unknown> | Placeholder<string, any>; tenantId: number | SQL<unknown> | Placeholder<string, any>; id?: number | SQL<unknown> | Placeholder<string, any>; color?: string | ... 1 more ... | Placeholder<...>; createdAt?: SQL<...> | ... 1 more ... | Placeholder<...>; updatedAt?: SQL<...> | ... 1 more ...': length, pop, push, concat, and 35 more.
server/routers/scheduling.ts(165,64): error TS2769: No overload matches this call.
  Overload 1 of 2, '(value: { name: string | SQL<unknown> | Placeholder<string, any>; content: string | SQL<unknown> | Placeholder<string, any>; tenantId: number | SQL<unknown> | Placeholder<...>; ... 4 more ...; daysBefore?: number | ... 1 more ... | Placeholder<...>; }): MySqlInsertBase<...>', gave the following error.
    Argument of type '{ name: string; content: string; daysBefore: number; isActive: true; }' is not assignable to parameter of type '{ name: string | SQL<unknown> | Placeholder<string, any>; content: string | SQL<unknown> | Placeholder<string, any>; tenantId: number | SQL<unknown> | Placeholder<...>; ... 4 more ...; daysBefore?: number | ... 1 more ... | Placeholder<...>; }'.
      Property 'tenantId' is missing in type '{ name: string; content: string; daysBefore: number; isActive: true; }' but required in type '{ name: string | SQL<unknown> | Placeholder<string, any>; content: string | SQL<unknown> | Placeholder<string, any>; tenantId: number | SQL<unknown> | Placeholder<...>; ... 4 more ...; daysBefore?: number | ... 1 more ... | Placeholder<...>; }'.
  Overload 2 of 2, '(values: { name: string | SQL<unknown> | Placeholder<string, any>; content: string | SQL<unknown> | Placeholder<string, any>; tenantId: number | SQL<unknown> | Placeholder<...>; ... 4 more ...; daysBefore?: number | ... 1 more ... | Placeholder<...>; }[]): MySqlInsertBase<...>', gave the following error.
    Object literal may only specify known properties, and 'name' does not exist in type '{ name: string | SQL<unknown> | Placeholder<string, any>; content: string | SQL<unknown> | Placeholder<string, any>; tenantId: number | SQL<unknown> | Placeholder<...>; ... 4 more ...; daysBefore?: number | ... 1 more ... | Placeholder<...>; }[]'.
server/routers/smtp.ts(37,63): error TS2769: No overload matches this call.
  Overload 1 of 2, '(value: { name: string | SQL<unknown> | Placeholder<string, any>; tenantId: number | SQL<unknown> | Placeholder<string, any>; host: string | SQL<unknown> | Placeholder<...>; ... 12 more ...; testStatus?: SQL<...> | ... 3 more ... | Placeholder<...>; }): MySqlInsertBase<...>', gave the following error.
    Argument of type '{ password: string; isActive: true; isDefault: false; testStatus: "untested"; lastTested: null; name: string; host: string; port: number; secure: boolean; user: string; fromEmail?: string; fromName?: string; }' is not assignable to parameter of type '{ name: string | SQL<unknown> | Placeholder<string, any>; tenantId: number | SQL<unknown> | Placeholder<string, any>; host: string | SQL<unknown> | Placeholder<string, any>; ... 12 more ...; testStatus?: SQL<...> | ... 3 more ... | Placeholder<...>; }'.
      Property 'tenantId' is missing in type '{ password: string; isActive: true; isDefault: false; testStatus: "untested"; lastTested: null; name: string; host: string; port: number; secure: boolean; user: string; fromEmail?: string; fromName?: string; }' but required in type '{ name: string | SQL<unknown> | Placeholder<string, any>; tenantId: number | SQL<unknown> | Placeholder<string, any>; host: string | SQL<unknown> | Placeholder<string, any>; ... 12 more ...; testStatus?: SQL<...> | ... 3 more ... | Placeholder<...>; }'.
  Overload 2 of 2, '(values: { name: string | SQL<unknown> | Placeholder<string, any>; tenantId: number | SQL<unknown> | Placeholder<string, any>; host: string | SQL<unknown> | Placeholder<...>; ... 12 more ...; testStatus?: SQL<...> | ... 3 more ... | Placeholder<...>; }[]): MySqlInsertBase<...>', gave the following error.
    Object literal may only specify known properties, and 'password' does not exist in type '{ name: string | SQL<unknown> | Placeholder<string, any>; tenantId: number | SQL<unknown> | Placeholder<string, any>; host: string | SQL<unknown> | Placeholder<string, any>; ... 12 more ...; testStatus?: SQL<...> | ... 3 more ... | Placeholder<...>; }[]'.
server/routers/tags.ts(25,50): error TS2769: No overload matches this call.
  Overload 1 of 2, '(value: { name: string | SQL<unknown> | Placeholder<string, any>; tenantId: number | SQL<unknown> | Placeholder<string, any>; id?: number | SQL<unknown> | Placeholder<string, any>; color?: string | ... 1 more ... | Placeholder<...>; createdAt?: SQL<...> | ... 1 more ... | Placeholder<...>; description?: string | ... 1 more ... | Placeholder<...>; }): MySqlInsertBase<...>', gave the following error.
    Argument of type '{ name: string; color: string; description: string; }' is not assignable to parameter of type '{ name: string | SQL<unknown> | Placeholder<string, any>; tenantId: number | SQL<unknown> | Placeholder<string, any>; id?: number | SQL<unknown> | Placeholder<string, any>; color?: string | ... 1 more ... | Placeholder<...>; createdAt?: SQL<...> | ... 1 more ... | Placeholder<...>; description?: string | ... 1 more ...'.
      Property 'tenantId' is missing in type '{ name: string; color: string; description: string; }' but required in type '{ name: string | SQL<unknown> | Placeholder<string, any>; tenantId: number | SQL<unknown> | Placeholder<string, any>; id?: number | SQL<unknown> | Placeholder<string, any>; color?: string | ... 1 more ... | Placeholder<...>; createdAt?: SQL<...> | ... 1 more ... | Placeholder<...>; description?: string | ... 1 more ...'.
  Overload 2 of 2, '(values: { name: string | SQL<unknown> | Placeholder<string, any>; tenantId: number | SQL<unknown> | Placeholder<string, any>; id?: number | SQL<unknown> | Placeholder<string, any>; color?: string | ... 1 more ... | Placeholder<...>; createdAt?: SQL<...> | ... 1 more ... | Placeholder<...>; description?: string | ... 1 more ... | Placeholder<...>; }[]): MySqlInsertBase<...>', gave the following error.
    Object literal may only specify known properties, and 'name' does not exist in type '{ name: string | SQL<unknown> | Placeholder<string, any>; tenantId: number | SQL<unknown> | Placeholder<string, any>; id?: number | SQL<unknown> | Placeholder<string, any>; color?: string | ... 1 more ... | Placeholder<...>; createdAt?: SQL<...> | ... 1 more ... | Placeholder<...>; description?: string | ... 1 more ...'.
server/routers/tags.ts(98,39): error TS2769: No overload matches this call.
  Overload 1 of 2, '(value: { tenantId: number | SQL<unknown> | Placeholder<string, any>; leadId: number | SQL<unknown> | Placeholder<string, any>; tagId: number | SQL<unknown> | Placeholder<...>; id?: number | ... 1 more ... | Placeholder<...>; createdAt?: SQL<...> | ... 1 more ... | Placeholder<...>; }): MySqlInsertBase<...>', gave the following error.
    Argument of type '{ leadId: number; tagId: number; }' is not assignable to parameter of type '{ tenantId: number | SQL<unknown> | Placeholder<string, any>; leadId: number | SQL<unknown> | Placeholder<string, any>; tagId: number | SQL<unknown> | Placeholder<...>; id?: number | ... 1 more ... | Placeholder<...>; createdAt?: SQL<...> | ... 1 more ... | Placeholder<...>; }'.
      Property 'tenantId' is missing in type '{ leadId: number; tagId: number; }' but required in type '{ tenantId: number | SQL<unknown> | Placeholder<string, any>; leadId: number | SQL<unknown> | Placeholder<string, any>; tagId: number | SQL<unknown> | Placeholder<...>; id?: number | ... 1 more ... | Placeholder<...>; createdAt?: SQL<...> | ... 1 more ... | Placeholder<...>; }'.
  Overload 2 of 2, '(values: { tenantId: number | SQL<unknown> | Placeholder<string, any>; leadId: number | SQL<unknown> | Placeholder<string, any>; tagId: number | SQL<unknown> | Placeholder<...>; id?: number | ... 1 more ... | Placeholder<...>; createdAt?: SQL<...> | ... 1 more ... | Placeholder<...>; }[]): MySqlInsertBase<...>', gave the following error.
    Object literal may only specify known properties, and 'leadId' does not exist in type '{ tenantId: number | SQL<unknown> | Placeholder<string, any>; leadId: number | SQL<unknown> | Placeholder<string, any>; tagId: number | SQL<unknown> | Placeholder<...>; id?: number | ... 1 more ... | Placeholder<...>; createdAt?: SQL<...> | ... 1 more ... | Placeholder<...>; }[]'.
server/routers/tags.ts(136,21): error TS2769: No overload matches this call.
  Overload 1 of 2, '(value: { tenantId: number | SQL<unknown> | Placeholder<string, any>; leadId: number | SQL<unknown> | Placeholder<string, any>; tagId: number | SQL<unknown> | Placeholder<...>; id?: number | ... 1 more ... | Placeholder<...>; createdAt?: SQL<...> | ... 1 more ... | Placeholder<...>; }): MySqlInsertBase<...>', gave the following error.
    Argument of type '{ leadId: number; tagId: number; }[]' is not assignable to parameter of type '{ tenantId: number | SQL<unknown> | Placeholder<string, any>; leadId: number | SQL<unknown> | Placeholder<string, any>; tagId: number | SQL<unknown> | Placeholder<...>; id?: number | ... 1 more ... | Placeholder<...>; createdAt?: SQL<...> | ... 1 more ... | Placeholder<...>; }'.
      Type '{ leadId: number; tagId: number; }[]' is missing the following properties from type '{ tenantId: number | SQL<unknown> | Placeholder<string, any>; leadId: number | SQL<unknown> | Placeholder<string, any>; tagId: number | SQL<unknown> | Placeholder<...>; id?: number | ... 1 more ... | Placeholder<...>; createdAt?: SQL<...> | ... 1 more ... | Placeholder<...>; }': tenantId, leadId, tagId
  Overload 2 of 2, '(values: { tenantId: number | SQL<unknown> | Placeholder<string, any>; leadId: number | SQL<unknown> | Placeholder<string, any>; tagId: number | SQL<unknown> | Placeholder<...>; id?: number | ... 1 more ... | Placeholder<...>; createdAt?: SQL<...> | ... 1 more ... | Placeholder<...>; }[]): MySqlInsertBase<...>', gave the following error.
    Argument of type '{ leadId: number; tagId: number; }[]' is not assignable to parameter of type '{ tenantId: number | SQL<unknown> | Placeholder<string, any>; leadId: number | SQL<unknown> | Placeholder<string, any>; tagId: number | SQL<unknown> | Placeholder<...>; id?: number | ... 1 more ... | Placeholder<...>; createdAt?: SQL<...> | ... 1 more ... | Placeholder<...>; }[]'.
      Property 'tenantId' is missing in type '{ leadId: number; tagId: number; }' but required in type '{ tenantId: number | SQL<unknown> | Placeholder<string, any>; leadId: number | SQL<unknown> | Placeholder<string, any>; tagId: number | SQL<unknown> | Placeholder<...>; id?: number | ... 1 more ... | Placeholder<...>; createdAt?: SQL<...> | ... 1 more ... | Placeholder<...>; }'.
server/routers/tags.ts(169,47): error TS2769: No overload matches this call.
  Overload 1 of 2, '(value: { tenantId: number | SQL<unknown> | Placeholder<string, any>; conversationId: number | SQL<unknown> | Placeholder<string, any>; tagId: number | SQL<...> | Placeholder<...>; id?: number | ... 1 more ... | Placeholder<...>; createdAt?: SQL<...> | ... 1 more ... | Placeholder<...>; }): MySqlInsertBase<...>', gave the following error.
    Argument of type '{ conversationId: number; tagId: number; }' is not assignable to parameter of type '{ tenantId: number | SQL<unknown> | Placeholder<string, any>; conversationId: number | SQL<unknown> | Placeholder<string, any>; tagId: number | SQL<unknown> | Placeholder<...>; id?: number | ... 1 more ... | Placeholder<...>; createdAt?: SQL<...> | ... 1 more ... | Placeholder<...>; }'.
      Property 'tenantId' is missing in type '{ conversationId: number; tagId: number; }' but required in type '{ tenantId: number | SQL<unknown> | Placeholder<string, any>; conversationId: number | SQL<unknown> | Placeholder<string, any>; tagId: number | SQL<unknown> | Placeholder<...>; id?: number | ... 1 more ... | Placeholder<...>; createdAt?: SQL<...> | ... 1 more ... | Placeholder<...>; }'.
  Overload 2 of 2, '(values: { tenantId: number | SQL<unknown> | Placeholder<string, any>; conversationId: number | SQL<unknown> | Placeholder<string, any>; tagId: number | SQL<...> | Placeholder<...>; id?: number | ... 1 more ... | Placeholder<...>; createdAt?: SQL<...> | ... 1 more ... | Placeholder<...>; }[]): MySqlInsertBase<...>', gave the following error.
    Object literal may only specify known properties, and 'conversationId' does not exist in type '{ tenantId: number | SQL<unknown> | Placeholder<string, any>; conversationId: number | SQL<unknown> | Placeholder<string, any>; tagId: number | SQL<unknown> | Placeholder<...>; id?: number | ... 1 more ... | Placeholder<...>; createdAt?: SQL<...> | ... 1 more ... | Placeholder<...>; }[]'.
server/routers/team.ts(122,51): error TS2769: No overload matches this call.
  Overload 1 of 2, '(value: { tenantId: number | SQL<unknown> | Placeholder<string, any>; openId: string | SQL<unknown> | Placeholder<string, any>; id?: number | SQL<unknown> | Placeholder<...>; ... 12 more ...; lastSignedIn?: SQL<...> | ... 1 more ... | Placeholder<...>; }): MySqlInsertBase<...>', gave the following error.
    Argument of type '{ openId: string; name: string; email: string; password: string; role: "admin" | "supervisor" | "agent" | "viewer"; loginMethod: string; isActive: true; hasSeenTour: false; }' is not assignable to parameter of type '{ tenantId: number | SQL<unknown> | Placeholder<string, any>; openId: string | SQL<unknown> | Placeholder<string, any>; id?: number | SQL<unknown> | Placeholder<string, any>; ... 12 more ...; lastSignedIn?: SQL<...> | ... 1 more ... | Placeholder<...>; }'.
      Property 'tenantId' is missing in type '{ openId: string; name: string; email: string; password: string; role: "admin" | "supervisor" | "agent" | "viewer"; loginMethod: string; isActive: true; hasSeenTour: false; }' but required in type '{ tenantId: number | SQL<unknown> | Placeholder<string, any>; openId: string | SQL<unknown> | Placeholder<string, any>; id?: number | SQL<unknown> | Placeholder<string, any>; ... 12 more ...; lastSignedIn?: SQL<...> | ... 1 more ... | Placeholder<...>; }'.
  Overload 2 of 2, '(values: { tenantId: number | SQL<unknown> | Placeholder<string, any>; openId: string | SQL<unknown> | Placeholder<string, any>; id?: number | SQL<unknown> | Placeholder<...>; ... 12 more ...; lastSignedIn?: SQL<...> | ... 1 more ... | Placeholder<...>; }[]): MySqlInsertBase<...>', gave the following error.
    Object literal may only specify known properties, and 'openId' does not exist in type '{ tenantId: number | SQL<unknown> | Placeholder<string, any>; openId: string | SQL<unknown> | Placeholder<string, any>; id?: number | SQL<unknown> | Placeholder<string, any>; ... 12 more ...; lastSignedIn?: SQL<...> | ... 1 more ... | Placeholder<...>; }[]'.
server/routers/team.ts(156,36): error TS2769: No overload matches this call.
  Overload 1 of 2, '(value: { tenantId: number | SQL<unknown> | Placeholder<string, any>; openId: string | SQL<unknown> | Placeholder<string, any>; id?: number | SQL<unknown> | Placeholder<...>; ... 12 more ...; lastSignedIn?: SQL<...> | ... 1 more ... | Placeholder<...>; }): MySqlInsertBase<...>', gave the following error.
    Argument of type '{ openId: string; name: string; email: string; role: "admin" | "supervisor" | "agent" | "viewer"; isActive: true; invitationToken: string; invitationExpires: Date; loginMethod: string; }' is not assignable to parameter of type '{ tenantId: number | SQL<unknown> | Placeholder<string, any>; openId: string | SQL<unknown> | Placeholder<string, any>; id?: number | SQL<unknown> | Placeholder<string, any>; ... 12 more ...; lastSignedIn?: SQL<...> | ... 1 more ... | Placeholder<...>; }'.
      Property 'tenantId' is missing in type '{ openId: string; name: string; email: string; role: "admin" | "supervisor" | "agent" | "viewer"; isActive: true; invitationToken: string; invitationExpires: Date; loginMethod: string; }' but required in type '{ tenantId: number | SQL<unknown> | Placeholder<string, any>; openId: string | SQL<unknown> | Placeholder<string, any>; id?: number | SQL<unknown> | Placeholder<string, any>; ... 12 more ...; lastSignedIn?: SQL<...> | ... 1 more ... | Placeholder<...>; }'.
  Overload 2 of 2, '(values: { tenantId: number | SQL<unknown> | Placeholder<string, any>; openId: string | SQL<unknown> | Placeholder<string, any>; id?: number | SQL<unknown> | Placeholder<...>; ... 12 more ...; lastSignedIn?: SQL<...> | ... 1 more ... | Placeholder<...>; }[]): MySqlInsertBase<...>', gave the following error.
    Object literal may only specify known properties, and 'openId' does not exist in type '{ tenantId: number | SQL<unknown> | Placeholder<string, any>; openId: string | SQL<unknown> | Placeholder<string, any>; id?: number | SQL<unknown> | Placeholder<string, any>; ... 12 more ...; lastSignedIn?: SQL<...> | ... 1 more ... | Placeholder<...>; }[]'.
server/routers/templates.ts(54,47): error TS2769: No overload matches this call.
  Overload 1 of 2, '(value: { name: string | SQL<unknown> | Placeholder<string, any>; content: string | SQL<unknown> | Placeholder<string, any>; tenantId: number | SQL<unknown> | Placeholder<...>; ... 5 more ...; variables?: string[] | ... 1 more ... | Placeholder<...>; }): MySqlInsertBase<...>', gave the following error.
    Argument of type '{ name: string; content: string; type: "email" | "whatsapp"; variables?: string[]; attachments?: { url: string; name: string; type: string; }[]; }' is not assignable to parameter of type '{ name: string | SQL<unknown> | Placeholder<string, any>; content: string | SQL<unknown> | Placeholder<string, any>; tenantId: number | SQL<unknown> | Placeholder<...>; ... 5 more ...; variables?: string[] | ... 1 more ... | Placeholder<...>; }'.
      Property 'tenantId' is missing in type '{ name: string; content: string; type: "email" | "whatsapp"; variables?: string[]; attachments?: { url: string; name: string; type: string; }[]; }' but required in type '{ name: string | SQL<unknown> | Placeholder<string, any>; content: string | SQL<unknown> | Placeholder<string, any>; tenantId: number | SQL<unknown> | Placeholder<...>; ... 5 more ...; variables?: string[] | ... 1 more ... | Placeholder<...>; }'.
  Overload 2 of 2, '(values: { name: string | SQL<unknown> | Placeholder<string, any>; content: string | SQL<unknown> | Placeholder<string, any>; tenantId: number | SQL<unknown> | Placeholder<...>; ... 5 more ...; variables?: string[] | ... 1 more ... | Placeholder<...>; }[]): MySqlInsertBase<...>', gave the following error.
    Argument of type '{ name: string; content: string; type: "email" | "whatsapp"; variables?: string[]; attachments?: { url: string; name: string; type: string; }[]; }' is not assignable to parameter of type '{ name: string | SQL<unknown> | Placeholder<string, any>; content: string | SQL<unknown> | Placeholder<string, any>; tenantId: number | SQL<unknown> | Placeholder<...>; ... 5 more ...; variables?: string[] | ... 1 more ... | Placeholder<...>; }[]'.
      Type '{ name: string; content: string; type: "email" | "whatsapp"; variables?: string[]; attachments?: { url: string; name: string; type: string; }[]; }' is missing the following properties from type '{ name: string | SQL<unknown> | Placeholder<string, any>; content: string | SQL<unknown> | Placeholder<string, any>; tenantId: number | SQL<unknown> | Placeholder<...>; ... 5 more ...; variables?: string[] | ... 1 more ... | Placeholder<...>; }[]': length, pop, push, concat, and 35 more.
server/routers/webhooks.ts(51,54): error TS2769: No overload matches this call.
  Overload 1 of 2, '(value: { name: string | SQL<unknown> | Placeholder<string, any>; url: string | SQL<unknown> | Placeholder<string, any>; tenantId: number | SQL<unknown> | Placeholder<...>; ... 5 more ...; updatedAt?: SQL<...> | ... 1 more ... | Placeholder<...>; }): MySqlInsertBase<...>', gave the following error.
    Argument of type '{ secret: string; name: string; url: string; events: ("lead.created" | "lead.updated" | "lead.status_changed" | "message.received" | "message.sent" | "conversation.assigned" | "note.created" | "task.created" | "task.completed")[]; active: boolean; }' is not assignable to parameter of type '{ name: string | SQL<unknown> | Placeholder<string, any>; url: string | SQL<unknown> | Placeholder<string, any>; tenantId: number | SQL<unknown> | Placeholder<string, any>; ... 5 more ...; updatedAt?: SQL<...> | ... 1 more ... | Placeholder<...>; }'.
      Property 'tenantId' is missing in type '{ secret: string; name: string; url: string; events: ("lead.created" | "lead.updated" | "lead.status_changed" | "message.received" | "message.sent" | "conversation.assigned" | "note.created" | "task.created" | "task.completed")[]; active: boolean; }' but required in type '{ name: string | SQL<unknown> | Placeholder<string, any>; url: string | SQL<unknown> | Placeholder<string, any>; tenantId: number | SQL<unknown> | Placeholder<string, any>; ... 5 more ...; updatedAt?: SQL<...> | ... 1 more ... | Placeholder<...>; }'.
  Overload 2 of 2, '(values: { name: string | SQL<unknown> | Placeholder<string, any>; url: string | SQL<unknown> | Placeholder<string, any>; tenantId: number | SQL<unknown> | Placeholder<...>; ... 5 more ...; updatedAt?: SQL<...> | ... 1 more ... | Placeholder<...>; }[]): MySqlInsertBase<...>', gave the following error.
    Object literal may only specify known properties, and 'secret' does not exist in type '{ name: string | SQL<unknown> | Placeholder<string, any>; url: string | SQL<unknown> | Placeholder<string, any>; tenantId: number | SQL<unknown> | Placeholder<string, any>; ... 5 more ...; updatedAt?: SQL<...> | ... 1 more ... | Placeholder<...>; }[]'.
server/routers/webhooks.ts(165,52): error TS2769: No overload matches this call.
  Overload 1 of 2, '(value: { tenantId: number | SQL<unknown> | Placeholder<string, any>; webhookId: number | SQL<unknown> | Placeholder<string, any>; event: string | SQL<unknown> | Placeholder<...>; ... 5 more ...; responseBody?: string | ... 1 more ... | Placeholder<...>; }): MySqlInsertBase<...>', gave the following error.
    Argument of type '{ webhookId: number; event: string; payload: string; responseStatus: number; responseBody: string; success: boolean; }' is not assignable to parameter of type '{ tenantId: number | SQL<unknown> | Placeholder<string, any>; webhookId: number | SQL<unknown> | Placeholder<string, any>; event: string | SQL<unknown> | Placeholder<...>; ... 5 more ...; responseBody?: string | ... 1 more ... | Placeholder<...>; }'.
      Property 'tenantId' is missing in type '{ webhookId: number; event: string; payload: string; responseStatus: number; responseBody: string; success: boolean; }' but required in type '{ tenantId: number | SQL<unknown> | Placeholder<string, any>; webhookId: number | SQL<unknown> | Placeholder<string, any>; event: string | SQL<unknown> | Placeholder<...>; ... 5 more ...; responseBody?: string | ... 1 more ... | Placeholder<...>; }'.
  Overload 2 of 2, '(values: { tenantId: number | SQL<unknown> | Placeholder<string, any>; webhookId: number | SQL<unknown> | Placeholder<string, any>; event: string | SQL<unknown> | Placeholder<...>; ... 5 more ...; responseBody?: string | ... 1 more ... | Placeholder<...>; }[]): MySqlInsertBase<...>', gave the following error.
    Object literal may only specify known properties, and 'webhookId' does not exist in type '{ tenantId: number | SQL<unknown> | Placeholder<string, any>; webhookId: number | SQL<unknown> | Placeholder<string, any>; event: string | SQL<unknown> | Placeholder<...>; ... 5 more ...; responseBody?: string | ... 1 more ... | Placeholder<...>; }[]'.
server/routers/webhooks.ts(179,52): error TS2769: No overload matches this call.
  Overload 1 of 2, '(value: { tenantId: number | SQL<unknown> | Placeholder<string, any>; webhookId: number | SQL<unknown> | Placeholder<string, any>; event: string | SQL<unknown> | Placeholder<...>; ... 5 more ...; responseBody?: string | ... 1 more ... | Placeholder<...>; }): MySqlInsertBase<...>', gave the following error.
    Argument of type '{ webhookId: number; event: string; payload: string; responseStatus: number; responseBody: any; success: false; }' is not assignable to parameter of type '{ tenantId: number | SQL<unknown> | Placeholder<string, any>; webhookId: number | SQL<unknown> | Placeholder<string, any>; event: string | SQL<unknown> | Placeholder<...>; ... 5 more ...; responseBody?: string | ... 1 more ... | Placeholder<...>; }'.
      Property 'tenantId' is missing in type '{ webhookId: number; event: string; payload: string; responseStatus: number; responseBody: any; success: false; }' but required in type '{ tenantId: number | SQL<unknown> | Placeholder<string, any>; webhookId: number | SQL<unknown> | Placeholder<string, any>; event: string | SQL<unknown> | Placeholder<...>; ... 5 more ...; responseBody?: string | ... 1 more ... | Placeholder<...>; }'.
  Overload 2 of 2, '(values: { tenantId: number | SQL<unknown> | Placeholder<string, any>; webhookId: number | SQL<unknown> | Placeholder<string, any>; event: string | SQL<unknown> | Placeholder<...>; ... 5 more ...; responseBody?: string | ... 1 more ... | Placeholder<...>; }[]): MySqlInsertBase<...>', gave the following error.
    Object literal may only specify known properties, and 'webhookId' does not exist in type '{ tenantId: number | SQL<unknown> | Placeholder<string, any>; webhookId: number | SQL<unknown> | Placeholder<string, any>; event: string | SQL<unknown> | Placeholder<...>; ... 5 more ...; responseBody?: string | ... 1 more ... | Placeholder<...>; }[]'.
server/routers/whatsapp-connections.ts(65,54): error TS2769: No overload matches this call.
  Overload 1 of 2, '(value: { tenantId: number | SQL<unknown> | Placeholder<string, any>; whatsappNumberId: number | SQL<unknown> | Placeholder<string, any>; connectionType: SQL<...> | ... 2 more ... | Placeholder<...>; ... 10 more ...; lastPingAt?: SQL<...> | ... 1 more ... | Placeholder<...>; }): MySqlInsertBase<...>', gave the following error.
    Argument of type '{ whatsappNumberId: number; connectionType: "api"; accessToken: string; phoneNumberId: string; businessAccountId: string; isConnected: true; }' is not assignable to parameter of type '{ tenantId: number | SQL<unknown> | Placeholder<string, any>; whatsappNumberId: number | SQL<unknown> | Placeholder<string, any>; connectionType: SQL<...> | "api" | "qr" | Placeholder<...>; ... 10 more ...; lastPingAt?: SQL<...> | ... 1 more ... | Placeholder<...>; }'.
      Property 'tenantId' is missing in type '{ whatsappNumberId: number; connectionType: "api"; accessToken: string; phoneNumberId: string; businessAccountId: string; isConnected: true; }' but required in type '{ tenantId: number | SQL<unknown> | Placeholder<string, any>; whatsappNumberId: number | SQL<unknown> | Placeholder<string, any>; connectionType: SQL<...> | "api" | "qr" | Placeholder<...>; ... 10 more ...; lastPingAt?: SQL<...> | ... 1 more ... | Placeholder<...>; }'.
  Overload 2 of 2, '(values: { tenantId: number | SQL<unknown> | Placeholder<string, any>; whatsappNumberId: number | SQL<unknown> | Placeholder<string, any>; connectionType: SQL<...> | ... 2 more ... | Placeholder<...>; ... 10 more ...; lastPingAt?: SQL<...> | ... 1 more ... | Placeholder<...>; }[]): MySqlInsertBase<...>', gave the following error.
    Object literal may only specify known properties, and 'whatsappNumberId' does not exist in type '{ tenantId: number | SQL<unknown> | Placeholder<string, any>; whatsappNumberId: number | SQL<unknown> | Placeholder<string, any>; connectionType: SQL<...> | "api" | "qr" | Placeholder<...>; ... 10 more ...; lastPingAt?: SQL<...> | ... 1 more ... | Placeholder<...>; }[]'.
server/routers/whatsapp-connections.ts(96,54): error TS2769: No overload matches this call.
  Overload 1 of 2, '(value: { tenantId: number | SQL<unknown> | Placeholder<string, any>; whatsappNumberId: number | SQL<unknown> | Placeholder<string, any>; connectionType: SQL<...> | ... 2 more ... | Placeholder<...>; ... 10 more ...; lastPingAt?: SQL<...> | ... 1 more ... | Placeholder<...>; }): MySqlInsertBase<...>', gave the following error.
    Argument of type '{ whatsappNumberId: number; connectionType: "qr"; isConnected: false; }' is not assignable to parameter of type '{ tenantId: number | SQL<unknown> | Placeholder<string, any>; whatsappNumberId: number | SQL<unknown> | Placeholder<string, any>; connectionType: SQL<...> | "api" | "qr" | Placeholder<...>; ... 10 more ...; lastPingAt?: SQL<...> | ... 1 more ... | Placeholder<...>; }'.
      Property 'tenantId' is missing in type '{ whatsappNumberId: number; connectionType: "qr"; isConnected: false; }' but required in type '{ tenantId: number | SQL<unknown> | Placeholder<string, any>; whatsappNumberId: number | SQL<unknown> | Placeholder<string, any>; connectionType: SQL<...> | "api" | "qr" | Placeholder<...>; ... 10 more ...; lastPingAt?: SQL<...> | ... 1 more ... | Placeholder<...>; }'.
  Overload 2 of 2, '(values: { tenantId: number | SQL<unknown> | Placeholder<string, any>; whatsappNumberId: number | SQL<unknown> | Placeholder<string, any>; connectionType: SQL<...> | ... 2 more ... | Placeholder<...>; ... 10 more ...; lastPingAt?: SQL<...> | ... 1 more ... | Placeholder<...>; }[]): MySqlInsertBase<...>', gave the following error.
    Object literal may only specify known properties, and 'whatsappNumberId' does not exist in type '{ tenantId: number | SQL<unknown> | Placeholder<string, any>; whatsappNumberId: number | SQL<unknown> | Placeholder<string, any>; connectionType: SQL<...> | "api" | "qr" | Placeholder<...>; ... 10 more ...; lastPingAt?: SQL<...> | ... 1 more ... | Placeholder<...>; }[]'.
server/routers/whatsapp-numbers.ts(54,61): error TS2769: No overload matches this call.
  Overload 1 of 2, '(value: { tenantId: number | SQL<unknown> | Placeholder<string, any>; phoneNumber: string | SQL<unknown> | Placeholder<string, any>; country: string | SQL<unknown> | Placeholder<...>; ... 12 more ...; isConnected?: boolean | ... 1 more ... | Placeholder<...>; }): MySqlInsertBase<...>', gave the following error.
    Argument of type '{ status: "warming_up"; warmupDay: number; warmupStartDate: Date; dailyMessageLimit: number; phoneNumber: string; country: string; countryCode: string; displayName?: string; }' is not assignable to parameter of type '{ tenantId: number | SQL<unknown> | Placeholder<string, any>; phoneNumber: string | SQL<unknown> | Placeholder<string, any>; country: string | SQL<unknown> | Placeholder<...>; ... 12 more ...; isConnected?: boolean | ... 1 more ... | Placeholder<...>; }'.
      Property 'tenantId' is missing in type '{ status: "warming_up"; warmupDay: number; warmupStartDate: Date; dailyMessageLimit: number; phoneNumber: string; country: string; countryCode: string; displayName?: string; }' but required in type '{ tenantId: number | SQL<unknown> | Placeholder<string, any>; phoneNumber: string | SQL<unknown> | Placeholder<string, any>; country: string | SQL<unknown> | Placeholder<...>; ... 12 more ...; isConnected?: boolean | ... 1 more ... | Placeholder<...>; }'.
  Overload 2 of 2, '(values: { tenantId: number | SQL<unknown> | Placeholder<string, any>; phoneNumber: string | SQL<unknown> | Placeholder<string, any>; country: string | SQL<unknown> | Placeholder<...>; ... 12 more ...; isConnected?: boolean | ... 1 more ... | Placeholder<...>; }[]): MySqlInsertBase<...>', gave the following error.
    Object literal may only specify known properties, and 'status' does not exist in type '{ tenantId: number | SQL<unknown> | Placeholder<string, any>; phoneNumber: string | SQL<unknown> | Placeholder<string, any>; country: string | SQL<unknown> | Placeholder<...>; ... 12 more ...; isConnected?: boolean | ... 1 more ... | Placeholder<...>; }[]'.
server/routers/whatsapp-numbers.ts(155,54): error TS2769: No overload matches this call.
  Overload 1 of 2, '(value: { tenantId: number | SQL<unknown> | Placeholder<string, any>; whatsappNumberId: number | SQL<unknown> | Placeholder<string, any>; connectionType: SQL<...> | ... 2 more ... | Placeholder<...>; ... 10 more ...; lastPingAt?: SQL<...> | ... 1 more ... | Placeholder<...>; }): MySqlInsertBase<...>', gave the following error.
    Argument of type '{ whatsappNumberId: number; connectionType: "api"; phoneNumberId: string; businessAccountId: string; accessToken: string; isConnected: true; lastPingAt: Date; }' is not assignable to parameter of type '{ tenantId: number | SQL<unknown> | Placeholder<string, any>; whatsappNumberId: number | SQL<unknown> | Placeholder<string, any>; connectionType: SQL<...> | "api" | "qr" | Placeholder<...>; ... 10 more ...; lastPingAt?: SQL<...> | ... 1 more ... | Placeholder<...>; }'.
      Property 'tenantId' is missing in type '{ whatsappNumberId: number; connectionType: "api"; phoneNumberId: string; businessAccountId: string; accessToken: string; isConnected: true; lastPingAt: Date; }' but required in type '{ tenantId: number | SQL<unknown> | Placeholder<string, any>; whatsappNumberId: number | SQL<unknown> | Placeholder<string, any>; connectionType: SQL<...> | "api" | "qr" | Placeholder<...>; ... 10 more ...; lastPingAt?: SQL<...> | ... 1 more ... | Placeholder<...>; }'.
  Overload 2 of 2, '(values: { tenantId: number | SQL<unknown> | Placeholder<string, any>; whatsappNumberId: number | SQL<unknown> | Placeholder<string, any>; connectionType: SQL<...> | ... 2 more ... | Placeholder<...>; ... 10 more ...; lastPingAt?: SQL<...> | ... 1 more ... | Placeholder<...>; }[]): MySqlInsertBase<...>', gave the following error.
    Object literal may only specify known properties, and 'whatsappNumberId' does not exist in type '{ tenantId: number | SQL<unknown> | Placeholder<string, any>; whatsappNumberId: number | SQL<unknown> | Placeholder<string, any>; connectionType: SQL<...> | "api" | "qr" | Placeholder<...>; ... 10 more ...; lastPingAt?: SQL<...> | ... 1 more ... | Placeholder<...>; }[]'.
server/routers/whatsapp.ts(96,66): error TS2769: No overload matches this call.
  Overload 1 of 2, '(value: { tenantId: number | SQL<unknown> | Placeholder<string, any>; phoneNumber: string | SQL<unknown> | Placeholder<string, any>; country: string | SQL<unknown> | Placeholder<...>; ... 12 more ...; isConnected?: boolean | ... 1 more ... | Placeholder<...>; }): MySqlInsertBase<...>', gave the following error.
    Argument of type '{ phoneNumber: string; displayName: string; country: string; countryCode: string; status: "active"; isConnected: true; lastConnected: Date; dailyMessageLimit: number; messagesSentToday: number; totalMessagesSent: number; }' is not assignable to parameter of type '{ tenantId: number | SQL<unknown> | Placeholder<string, any>; phoneNumber: string | SQL<unknown> | Placeholder<string, any>; country: string | SQL<unknown> | Placeholder<...>; ... 12 more ...; isConnected?: boolean | ... 1 more ... | Placeholder<...>; }'.
      Property 'tenantId' is missing in type '{ phoneNumber: string; displayName: string; country: string; countryCode: string; status: "active"; isConnected: true; lastConnected: Date; dailyMessageLimit: number; messagesSentToday: number; totalMessagesSent: number; }' but required in type '{ tenantId: number | SQL<unknown> | Placeholder<string, any>; phoneNumber: string | SQL<unknown> | Placeholder<string, any>; country: string | SQL<unknown> | Placeholder<...>; ... 12 more ...; isConnected?: boolean | ... 1 more ... | Placeholder<...>; }'.
  Overload 2 of 2, '(values: { tenantId: number | SQL<unknown> | Placeholder<string, any>; phoneNumber: string | SQL<unknown> | Placeholder<string, any>; country: string | SQL<unknown> | Placeholder<...>; ... 12 more ...; isConnected?: boolean | ... 1 more ... | Placeholder<...>; }[]): MySqlInsertBase<...>', gave the following error.
    Object literal may only specify known properties, and 'phoneNumber' does not exist in type '{ tenantId: number | SQL<unknown> | Placeholder<string, any>; phoneNumber: string | SQL<unknown> | Placeholder<string, any>; country: string | SQL<unknown> | Placeholder<...>; ... 12 more ...; isConnected?: boolean | ... 1 more ... | Placeholder<...>; }[]'.
server/routers/whatsapp.ts(110,74): error TS2769: No overload matches this call.
  Overload 1 of 2, '(value: { tenantId: number | SQL<unknown> | Placeholder<string, any>; whatsappNumberId: number | SQL<unknown> | Placeholder<string, any>; connectionType: SQL<...> | ... 2 more ... | Placeholder<...>; ... 10 more ...; lastPingAt?: SQL<...> | ... 1 more ... | Placeholder<...>; }): MySqlInsertBase<...>', gave the following error.
    Argument of type '{ whatsappNumberId: number; connectionType: "api"; phoneNumberId: string; accessToken: string; businessAccountId: string; isConnected: true; lastPingAt: Date; }' is not assignable to parameter of type '{ tenantId: number | SQL<unknown> | Placeholder<string, any>; whatsappNumberId: number | SQL<unknown> | Placeholder<string, any>; connectionType: SQL<...> | "api" | "qr" | Placeholder<...>; ... 10 more ...; lastPingAt?: SQL<...> | ... 1 more ... | Placeholder<...>; }'.
      Property 'tenantId' is missing in type '{ whatsappNumberId: number; connectionType: "api"; phoneNumberId: string; accessToken: string; businessAccountId: string; isConnected: true; lastPingAt: Date; }' but required in type '{ tenantId: number | SQL<unknown> | Placeholder<string, any>; whatsappNumberId: number | SQL<unknown> | Placeholder<string, any>; connectionType: SQL<...> | "api" | "qr" | Placeholder<...>; ... 10 more ...; lastPingAt?: SQL<...> | ... 1 more ... | Placeholder<...>; }'.
  Overload 2 of 2, '(values: { tenantId: number | SQL<unknown> | Placeholder<string, any>; whatsappNumberId: number | SQL<unknown> | Placeholder<string, any>; connectionType: SQL<...> | ... 2 more ... | Placeholder<...>; ... 10 more ...; lastPingAt?: SQL<...> | ... 1 more ... | Placeholder<...>; }[]): MySqlInsertBase<...>', gave the following error.
    Object literal may only specify known properties, and 'whatsappNumberId' does not exist in type '{ tenantId: number | SQL<unknown> | Placeholder<string, any>; whatsappNumberId: number | SQL<unknown> | Placeholder<string, any>; connectionType: SQL<...> | "api" | "qr" | Placeholder<...>; ... 10 more ...; lastPingAt?: SQL<...> | ... 1 more ... | Placeholder<...>; }[]'.
server/routers/workflows.ts(26,55): error TS2769: No overload matches this call.
  Overload 1 of 2, '(value: { name: string | SQL<unknown> | Placeholder<string, any>; tenantId: number | SQL<unknown> | Placeholder<string, any>; triggerType: SQL<unknown> | "lead_created" | "lead_updated" | "msg_received" | "campaign_link_clicked" | Placeholder<...>; ... 6 more ...; triggerConfig?: unknown; }): MySqlInsertBase<...>', gave the following error.
    Argument of type '{ isActive: true; name: string; triggerType: "lead_created" | "lead_updated" | "msg_received" | "campaign_link_clicked"; description?: string; triggerConfig?: any; actions?: any[]; }' is not assignable to parameter of type '{ name: string | SQL<unknown> | Placeholder<string, any>; tenantId: number | SQL<unknown> | Placeholder<string, any>; triggerType: SQL<unknown> | "lead_created" | "lead_updated" | "msg_received" | "campaign_link_clicked" | Placeholder<...>; ... 6 more ...; triggerConfig?: unknown; }'.
      Property 'tenantId' is missing in type '{ isActive: true; name: string; triggerType: "lead_created" | "lead_updated" | "msg_received" | "campaign_link_clicked"; description?: string; triggerConfig?: any; actions?: any[]; }' but required in type '{ name: string | SQL<unknown> | Placeholder<string, any>; tenantId: number | SQL<unknown> | Placeholder<string, any>; triggerType: SQL<unknown> | "lead_created" | "lead_updated" | "msg_received" | "campaign_link_clicked" | Placeholder<...>; ... 6 more ...; triggerConfig?: unknown; }'.
  Overload 2 of 2, '(values: { name: string | SQL<unknown> | Placeholder<string, any>; tenantId: number | SQL<unknown> | Placeholder<string, any>; triggerType: SQL<unknown> | "lead_created" | "lead_updated" | "msg_received" | "campaign_link_clicked" | Placeholder<...>; ... 6 more ...; triggerConfig?: unknown; }[]): MySqlInsertBase<...>', gave the following error.
    Object literal may only specify known properties, and 'isActive' does not exist in type '{ name: string | SQL<unknown> | Placeholder<string, any>; tenantId: number | SQL<unknown> | Placeholder<string, any>; triggerType: SQL<unknown> | "lead_created" | "lead_updated" | "msg_received" | "campaign_link_clicked" | Placeholder<...>; ... 6 more ...; triggerConfig?: unknown; }[]'.
server/services/app-settings.ts(14,34): error TS2769: No overload matches this call.
  Overload 1 of 2, '(value: { tenantId: number | SQL<unknown> | Placeholder<string, any>; id?: number | SQL<unknown> | Placeholder<string, any>; createdAt?: SQL<unknown> | Date | Placeholder<...>; ... 19 more ...; lastAssignedAgentId?: number | ... 1 more ... | Placeholder<...>; }): MySqlInsertBase<...>', gave the following error.
    Argument of type '{ singleton: number; }' is not assignable to parameter of type '{ tenantId: number | SQL<unknown> | Placeholder<string, any>; id?: number | SQL<unknown> | Placeholder<string, any>; createdAt?: SQL<unknown> | Date | Placeholder<...>; ... 19 more ...; lastAssignedAgentId?: number | ... 1 more ... | Placeholder<...>; }'.
      Property 'tenantId' is missing in type '{ singleton: number; }' but required in type '{ tenantId: number | SQL<unknown> | Placeholder<string, any>; id?: number | SQL<unknown> | Placeholder<string, any>; createdAt?: SQL<unknown> | Date | Placeholder<...>; ... 19 more ...; lastAssignedAgentId?: number | ... 1 more ... | Placeholder<...>; }'.
  Overload 2 of 2, '(values: { tenantId: number | SQL<unknown> | Placeholder<string, any>; id?: number | SQL<unknown> | Placeholder<string, any>; createdAt?: SQL<unknown> | Date | Placeholder<...>; ... 19 more ...; lastAssignedAgentId?: number | ... 1 more ... | Placeholder<...>; }[]): MySqlInsertBase<...>', gave the following error.
    Object literal may only specify known properties, and 'singleton' does not exist in type '{ tenantId: number | SQL<unknown> | Placeholder<string, any>; id?: number | SQL<unknown> | Placeholder<string, any>; createdAt?: SQL<unknown> | Date | Placeholder<...>; ... 19 more ...; lastAssignedAgentId?: number | ... 1 more ... | Placeholder<...>; }[]'.
server/services/message-handler.ts(211,58): error TS2769: No overload matches this call.
  Overload 1 of 2, '(value: { name: string | SQL<unknown> | Placeholder<string, any>; tenantId: number | SQL<unknown> | Placeholder<string, any>; country: string | SQL<unknown> | Placeholder<...>; ... 17 more ...; lastContactedAt?: SQL<...> | ... 1 more ... | Placeholder<...>; }): MySqlInsertBase<...>', gave the following error.
    Argument of type '{ name: any; phone: string; country: string; pipelineStageId: number; kanbanOrder: number; source: string; createdAt: Date; updatedAt: Date; lastContactedAt: Date; }' is not assignable to parameter of type '{ name: string | SQL<unknown> | Placeholder<string, any>; tenantId: number | SQL<unknown> | Placeholder<string, any>; country: string | SQL<unknown> | Placeholder<...>; ... 17 more ...; lastContactedAt?: SQL<...> | ... 1 more ... | Placeholder<...>; }'.
      Property 'tenantId' is missing in type '{ name: any; phone: string; country: string; pipelineStageId: number; kanbanOrder: number; source: string; createdAt: Date; updatedAt: Date; lastContactedAt: Date; }' but required in type '{ name: string | SQL<unknown> | Placeholder<string, any>; tenantId: number | SQL<unknown> | Placeholder<string, any>; country: string | SQL<unknown> | Placeholder<...>; ... 17 more ...; lastContactedAt?: SQL<...> | ... 1 more ... | Placeholder<...>; }'.
  Overload 2 of 2, '(values: { name: string | SQL<unknown> | Placeholder<string, any>; tenantId: number | SQL<unknown> | Placeholder<string, any>; country: string | SQL<unknown> | Placeholder<...>; ... 17 more ...; lastContactedAt?: SQL<...> | ... 1 more ... | Placeholder<...>; }[]): MySqlInsertBase<...>', gave the following error.
    Object literal may only specify known properties, and 'name' does not exist in type '{ name: string | SQL<unknown> | Placeholder<string, any>; tenantId: number | SQL<unknown> | Placeholder<string, any>; country: string | SQL<unknown> | Placeholder<...>; ... 17 more ...; lastContactedAt?: SQL<...> | ... 1 more ... | Placeholder<...>; }[]'.
server/services/message-handler.ts(268,66): error TS2769: No overload matches this call.
  Overload 1 of 2, '(value: { tenantId: number | SQL<unknown> | Placeholder<string, any>; contactPhone: string | SQL<unknown> | Placeholder<string, any>; id?: number | SQL<unknown> | Placeholder<...>; ... 14 more ...; unreadCount?: number | ... 1 more ... | Placeholder<...>; }): MySqlInsertBase<...>', gave the following error.
    Argument of type '{ channel: "whatsapp"; whatsappNumberId: number; whatsappConnectionType: "qr"; externalChatId: any; leadId: number; contactPhone: string; contactName: any; unreadCount: number; lastMessageAt: Date; status: "active"; }' is not assignable to parameter of type '{ tenantId: number | SQL<unknown> | Placeholder<string, any>; contactPhone: string | SQL<unknown> | Placeholder<string, any>; id?: number | SQL<unknown> | Placeholder<...>; ... 14 more ...; unreadCount?: number | ... 1 more ... | Placeholder<...>; }'.
      Property 'tenantId' is missing in type '{ channel: "whatsapp"; whatsappNumberId: number; whatsappConnectionType: "qr"; externalChatId: any; leadId: number; contactPhone: string; contactName: any; unreadCount: number; lastMessageAt: Date; status: "active"; }' but required in type '{ tenantId: number | SQL<unknown> | Placeholder<string, any>; contactPhone: string | SQL<unknown> | Placeholder<string, any>; id?: number | SQL<unknown> | Placeholder<...>; ... 14 more ...; unreadCount?: number | ... 1 more ... | Placeholder<...>; }'.
  Overload 2 of 2, '(values: { tenantId: number | SQL<unknown> | Placeholder<string, any>; contactPhone: string | SQL<unknown> | Placeholder<string, any>; id?: number | SQL<unknown> | Placeholder<...>; ... 14 more ...; unreadCount?: number | ... 1 more ... | Placeholder<...>; }[]): MySqlInsertBase<...>', gave the following error.
    Object literal may only specify known properties, and 'channel' does not exist in type '{ tenantId: number | SQL<unknown> | Placeholder<string, any>; contactPhone: string | SQL<unknown> | Placeholder<string, any>; id?: number | SQL<unknown> | Placeholder<...>; ... 14 more ...; unreadCount?: number | ... 1 more ... | Placeholder<...>; }[]'.
server/services/message-handler.ts(298,17): error TS2769: No overload matches this call.
  Overload 2 of 2, '(values: { direction: SQL<unknown> | "inbound" | "outbound" | Placeholder<string, any>; tenantId: number | SQL<unknown> | Placeholder<string, any>; conversationId: number | ... 1 more ... | Placeholder<...>; ... 20 more ...; facebookMessageId?: string | ... 1 more ... | Placeholder<...>; }[]): MySqlInsertBase<...>', gave the following error.
    Object literal may only specify known properties, and 'conversationId' does not exist in type '{ direction: SQL<unknown> | "inbound" | "outbound" | Placeholder<string, any>; tenantId: number | SQL<unknown> | Placeholder<string, any>; conversationId: number | ... 1 more ... | Placeholder<...>; ... 20 more ...; facebookMessageId?: string | ... 1 more ... | Placeholder<...>; }[]'.
server/services/reminders-worker.ts(221,60): error TS2769: No overload matches this call.
  Overload 1 of 2, '(value: { tenantId: number | SQL<unknown> | Placeholder<string, any>; message: string | SQL<unknown> | Placeholder<string, any>; scheduledAt: SQL<unknown> | Date | Placeholder<...>; ... 19 more ...; parentReminderId?: number | ... 1 more ... | Placeholder<...>; }): MySqlInsertBase<...>', gave the following error.
    Argument of type '{ leadId: number; conversationId: number; createdById: number; scheduledAt: Date; timezone: string; message: string; messageType: "template" | "image" | "text" | "document"; mediaUrl: string; ... 6 more ...; status: "scheduled"; }' is not assignable to parameter of type '{ tenantId: number | SQL<unknown> | Placeholder<string, any>; message: string | SQL<unknown> | Placeholder<string, any>; scheduledAt: SQL<unknown> | Date | Placeholder<...>; ... 19 more ...; parentReminderId?: number | ... 1 more ... | Placeholder<...>; }'.
      Property 'tenantId' is missing in type '{ leadId: number; conversationId: number; createdById: number; scheduledAt: Date; timezone: string; message: string; messageType: "template" | "image" | "text" | "document"; mediaUrl: string; ... 6 more ...; status: "scheduled"; }' but required in type '{ tenantId: number | SQL<unknown> | Placeholder<string, any>; message: string | SQL<unknown> | Placeholder<string, any>; scheduledAt: SQL<unknown> | Date | Placeholder<...>; ... 19 more ...; parentReminderId?: number | ... 1 more ... | Placeholder<...>; }'.
  Overload 2 of 2, '(values: { tenantId: number | SQL<unknown> | Placeholder<string, any>; message: string | SQL<unknown> | Placeholder<string, any>; scheduledAt: SQL<unknown> | Date | Placeholder<...>; ... 19 more ...; parentReminderId?: number | ... 1 more ... | Placeholder<...>; }[]): MySqlInsertBase<...>', gave the following error.
    Object literal may only specify known properties, and 'leadId' does not exist in type '{ tenantId: number | SQL<unknown> | Placeholder<string, any>; message: string | SQL<unknown> | Placeholder<string, any>; scheduledAt: SQL<unknown> | Date | Placeholder<...>; ... 19 more ...; parentReminderId?: number | ... 1 more ... | Placeholder<...>; }[]'.
server/services/websocket.ts(313,16): error TS2769: No overload matches this call.
  Overload 1 of 3, '(left: MySqlColumn<{ name: "role"; tableName: "users"; dataType: "string"; columnType: "MySqlEnumColumn"; data: "owner" | "admin" | "supervisor" | "agent" | "viewer"; driverParam: string; notNull: true; ... 7 more ...; generated: undefined; }, {}, {}>, right: SQLWrapper | ... 4 more ... | "viewer"): SQL<...>', gave the following error.
    Argument of type 'string' is not assignable to parameter of type 'SQLWrapper | "owner" | "admin" | "supervisor" | "agent" | "viewer"'.
  Overload 2 of 3, '(left: Aliased<string>, right: string | SQLWrapper): SQL<unknown>', gave the following error.
    Argument of type 'MySqlColumn<{ name: "role"; tableName: "users"; dataType: "string"; columnType: "MySqlEnumColumn"; data: "owner" | "admin" | "supervisor" | "agent" | "viewer"; driverParam: string; notNull: true; ... 7 more ...; generated: undefined; }, {}, {}>' is not assignable to parameter of type 'Aliased<string>'.
      Type 'MySqlColumn<{ name: "role"; tableName: "users"; dataType: "string"; columnType: "MySqlEnumColumn"; data: "owner" | "admin" | "supervisor" | "agent" | "viewer"; driverParam: string; notNull: true; ... 7 more ...; generated: undefined; }, {}, {}>' is missing the following properties from type 'Aliased<string>': sql, fieldAlias
  Overload 3 of 3, '(left: never, right: unknown): SQL<unknown>', gave the following error.
    Argument of type 'MySqlColumn<{ name: "role"; tableName: "users"; dataType: "string"; columnType: "MySqlEnumColumn"; data: "owner" | "admin" | "supervisor" | "agent" | "viewer"; driverParam: string; notNull: true; ... 7 more ...; generated: undefined; }, {}, {}>' is not assignable to parameter of type 'never'.
